Component: ARM Compiler 5.06 update 7 (build 960) Tool: armlink [4d3601]

==============================================================================

Section Cross References

    startup_stm32f405xx.o(RESET) refers to startup_stm32f405xx.o(STACK) for __initial_sp
    startup_stm32f405xx.o(RESET) refers to startup_stm32f405xx.o(.text) for Reset_Handler
    startup_stm32f405xx.o(RESET) refers to stm32f4xx_it.o(i.NMI_Handler) for NMI_Handler
    startup_stm32f405xx.o(RESET) refers to stm32f4xx_it.o(i.HardFault_Handler) for HardFault_Handler
    startup_stm32f405xx.o(RESET) refers to stm32f4xx_it.o(i.MemManage_Handler) for MemManage_Handler
    startup_stm32f405xx.o(RESET) refers to stm32f4xx_it.o(i.BusFault_Handler) for BusFault_Handler
    startup_stm32f405xx.o(RESET) refers to stm32f4xx_it.o(i.UsageFault_Handler) for UsageFault_Handler
    startup_stm32f405xx.o(RESET) refers to port.o(.emb_text) for SVC_Handler
    startup_stm32f405xx.o(RESET) refers to stm32f4xx_it.o(i.DebugMon_Handler) for DebugMon_Handler
    startup_stm32f405xx.o(RESET) refers to port.o(i.SysTick_Handler) for SysTick_Handler
    startup_stm32f405xx.o(RESET) refers to stm32f4xx_it.o(i.EXTI2_IRQHandler) for EXTI2_IRQHandler
    startup_stm32f405xx.o(RESET) refers to stm32f4xx_it.o(i.EXTI3_IRQHandler) for EXTI3_IRQHandler
    startup_stm32f405xx.o(RESET) refers to stm32f4xx_it.o(i.DMA1_Stream0_IRQHandler) for DMA1_Stream0_IRQHandler
    startup_stm32f405xx.o(RESET) refers to stm32f4xx_it.o(i.DMA1_Stream1_IRQHandler) for DMA1_Stream1_IRQHandler
    startup_stm32f405xx.o(RESET) refers to stm32f4xx_it.o(i.DMA1_Stream5_IRQHandler) for DMA1_Stream5_IRQHandler
    startup_stm32f405xx.o(RESET) refers to stm32f4xx_it.o(i.CAN1_RX0_IRQHandler) for CAN1_RX0_IRQHandler
    startup_stm32f405xx.o(RESET) refers to stm32f4xx_it.o(i.USART1_IRQHandler) for USART1_IRQHandler
    startup_stm32f405xx.o(RESET) refers to stm32f4xx_it.o(i.USART2_IRQHandler) for USART2_IRQHandler
    startup_stm32f405xx.o(RESET) refers to stm32f4xx_it.o(i.USART3_IRQHandler) for USART3_IRQHandler
    startup_stm32f405xx.o(RESET) refers to stm32f4xx_it.o(i.EXTI15_10_IRQHandler) for EXTI15_10_IRQHandler
    startup_stm32f405xx.o(RESET) refers to stm32f4xx_it.o(i.UART5_IRQHandler) for UART5_IRQHandler
    startup_stm32f405xx.o(RESET) refers to stm32f4xx_it.o(i.TIM7_IRQHandler) for TIM7_IRQHandler
    startup_stm32f405xx.o(RESET) refers to stm32f4xx_it.o(i.DMA2_Stream0_IRQHandler) for DMA2_Stream0_IRQHandler
    startup_stm32f405xx.o(RESET) refers to stm32f4xx_it.o(i.DMA2_Stream1_IRQHandler) for DMA2_Stream1_IRQHandler
    startup_stm32f405xx.o(RESET) refers to stm32f4xx_it.o(i.DMA2_Stream2_IRQHandler) for DMA2_Stream2_IRQHandler
    startup_stm32f405xx.o(RESET) refers to stm32f4xx_it.o(i.DMA2_Stream3_IRQHandler) for DMA2_Stream3_IRQHandler
    startup_stm32f405xx.o(RESET) refers to stm32f4xx_it.o(i.DMA2_Stream4_IRQHandler) for DMA2_Stream4_IRQHandler
    startup_stm32f405xx.o(RESET) refers to stm32f4xx_it.o(i.CAN2_RX0_IRQHandler) for CAN2_RX0_IRQHandler
    startup_stm32f405xx.o(RESET) refers to stm32f4xx_it.o(i.USART6_IRQHandler) for USART6_IRQHandler
    startup_stm32f405xx.o(.text) refers to system_stm32f4xx.o(i.SystemInit) for SystemInit
    startup_stm32f405xx.o(.text) refers to entry.o(.ARM.Collect$$$$00000000) for __main
    main.o(i.HAL_TIM_PeriodElapsedCallback) refers to stm32f4xx_hal.o(i.HAL_IncTick) for HAL_IncTick
    main.o(i.SystemClock_Config) refers to memseta.o(.text) for __aeabi_memclr4
    main.o(i.SystemClock_Config) refers to stm32f4xx_hal_rcc.o(i.HAL_RCC_OscConfig) for HAL_RCC_OscConfig
    main.o(i.SystemClock_Config) refers to stm32f4xx_hal_rcc.o(i.HAL_RCC_ClockConfig) for HAL_RCC_ClockConfig
    main.o(i.main) refers to stm32f4xx_hal.o(i.HAL_Init) for HAL_Init
    main.o(i.main) refers to main.o(i.SystemClock_Config) for SystemClock_Config
    main.o(i.main) refers to gpio.o(i.MX_GPIO_Init) for MX_GPIO_Init
    main.o(i.main) refers to dma.o(i.MX_DMA_Init) for MX_DMA_Init
    main.o(i.main) refers to adc.o(i.MX_ADC1_Init) for MX_ADC1_Init
    main.o(i.main) refers to can.o(i.MX_CAN1_Init) for MX_CAN1_Init
    main.o(i.main) refers to can.o(i.MX_CAN2_Init) for MX_CAN2_Init
    main.o(i.main) refers to dac.o(i.MX_DAC_Init) for MX_DAC_Init
    main.o(i.main) refers to i2c.o(i.MX_I2C1_Init) for MX_I2C1_Init
    main.o(i.main) refers to i2c.o(i.MX_I2C2_Init) for MX_I2C2_Init
    main.o(i.main) refers to spi.o(i.MX_SPI1_Init) for MX_SPI1_Init
    main.o(i.main) refers to tim.o(i.MX_TIM1_Init) for MX_TIM1_Init
    main.o(i.main) refers to tim.o(i.MX_TIM3_Init) for MX_TIM3_Init
    main.o(i.main) refers to tim.o(i.MX_TIM4_Init) for MX_TIM4_Init
    main.o(i.main) refers to tim.o(i.MX_TIM5_Init) for MX_TIM5_Init
    main.o(i.main) refers to usart.o(i.MX_UART5_Init) for MX_UART5_Init
    main.o(i.main) refers to usart.o(i.MX_USART1_UART_Init) for MX_USART1_UART_Init
    main.o(i.main) refers to usart.o(i.MX_USART2_UART_Init) for MX_USART2_UART_Init
[...]
    Const_Shooter18mpers                     0x20000450   Data           4  const.o(.data)
    Const_Shooter30mpers                     0x20000454   Data           4  const.o(.data)
    Const_FeederSlowSpeed                    0x20000458   Data           4  const.o(.data)
    Const_FeederFastSpeed                    0x2000045c   Data           4  const.o(.data)
    Const_FeederWaitSpeed                    0x20000460   Data           4  const.o(.data)
    __microlib_freelist                      0x20000468   Data           4  mvars.o(.data)
    __microlib_freelist_initialised          0x2000046c   Data           4  mvars.o(.data)
    hadc1                                    0x200006c4   Data          72  adc.o(.bss)
    hdma_adc1                                0x2000070c   Data          96  adc.o(.bss)
    hcan1                                    0x2000076c   Data          40  can.o(.bss)
    hcan2                                    0x20000794   Data          40  can.o(.bss)
    hdac                                     0x200007bc   Data          20  dac.o(.bss)
    hi2c1                                    0x200007d0   Data          84  i2c.o(.bss)
    hi2c2                                    0x20000824   Data          84  i2c.o(.bss)
    hspi1                                    0x20000878   Data          88  spi.o(.bss)
    hdma_spi1_rx                             0x200008d0   Data          96  spi.o(.bss)
    hdma_spi1_tx                             0x20000930   Data          96  spi.o(.bss)
    htim1                                    0x20000990   Data          72  tim.o(.bss)
    htim2                                    0x200009d8   Data          72  tim.o(.bss)
    htim3                                    0x20000a20   Data          72  tim.o(.bss)
    htim4                                    0x20000a68   Data          72  tim.o(.bss)
    htim5                                    0x20000ab0   Data          72  tim.o(.bss)
    htim6                                    0x20000af8   Data          72  tim.o(.bss)
    htim8                                    0x20000b40   Data          72  tim.o(.bss)
    htim9                                    0x20000b88   Data          72  tim.o(.bss)
    htim10                                   0x20000bd0   Data          72  tim.o(.bss)
    htim11                                   0x20000c18   Data          72  tim.o(.bss)
    htim12                                   0x20000c60   Data          72  tim.o(.bss)
    huart5                                   0x20000ca8   Data          68  usart.o(.bss)
    huart1                                   0x20000cec   Data          68  usart.o(.bss)
    huart2                                   0x20000d30   Data          68  usart.o(.bss)
    huart3                                   0x20000d74   Data          68  usart.o(.bss)
    huart6                                   0x20000db8   Data          68  usart.o(.bss)
    hdma_uart5_rx                            0x20000dfc   Data          96  usart.o(.bss)
    hdma_usart1_rx                           0x20000e5c   Data          96  usart.o(.bss)
    hdma_usart2_rx                           0x20000ebc   Data          96  usart.o(.bss)
    hdma_usart3_rx                           0x20000f1c   Data          96  usart.o(.bss)
    hdma_usart6_rx                           0x20000f7c   Data          96  usart.o(.bss)
    htim7                                    0x20000fdc   Data          72  stm32f4xx_hal_timebase_tim.o(.bss)
    pFlash                                   0x20001024   Data          32  stm32f4xx_hal_flash.o(.bss)
    Can_RxHeader                             0x20004d34   Data          28  can_util.o(.bss)
    Can_RxData                               0x20004d50   Data         200  can_util.o(.bss)
    MiniPC_MiniPCData                        0x20004e18   Data          28  minipc_periph.o(.bss)
    MiniPC_RxData                            0x20004e34   Data         200  minipc_periph.o(.bss)
    MiniPC_TxData                            0x20004efc   Data         200  minipc_periph.o(.bss)
    Motor_groupHandle                        0x20004fc4   Data          16  motor_periph.o(.bss)
    Motor_chassisMotors                      0x20004fd4   Data          52  motor_periph.o(.bss)
    Motor_gimbalMotors                       0x20005008   Data          52  motor_periph.o(.bss)
    Motor_feederMotors                       0x2000503c   Data          52  motor_periph.o(.bss)
    Motor_shooterMotors                      0x20005070   Data          52  motor_periph.o(.bss)
    Motor_chassisMotor1                      0x200050a4   Data         388  motor_periph.o(.bss)
    Motor_chassisMotor2                      0x20005228   Data         388  motor_periph.o(.bss)
    Motor_chassisMotor3                      0x200053ac   Data         388  motor_periph.o(.bss)
    Motor_chassisMotor4                      0x20005530   Data         388  motor_periph.o(.bss)
    Motor_gimbalMotorYaw                     0x200056b4   Data         388  motor_periph.o(.bss)
    Motor_gimbalMotorPitch                   0x20005838   Data         388  motor_periph.o(.bss)
    Motor_feederMotor                        0x200059bc   Data         388  motor_periph.o(.bss)
    Motor_shooterMotorLeft                   0x20005b40   Data         388  motor_periph.o(.bss)
    Motor_shooterMotorRight                  0x20005cc4   Data         388  motor_periph.o(.bss)
    Remote_RxData                            0x20005e48   Data          54  remote_periph.o(.bss)
    Remote_RemoteData                        0x20005e80   Data          44  remote_periph.o(.bss)
    Servo_ammoContainerCapServo              0x20005eac   Data          64  servo_periph.o(.bss)
    MAG_MAGData                              0x2000636c   Data          24  magnetic_periph.o(.bss)
    HI22X_RxData                             0x20006384   Data          20  hi22x_periph.o(.bss)
    HI22X_HI22XData                          0x20006398   Data          84  hi22x_periph.o(.bss)
    speed                                    0x200063ec   Data          12  hi22x_periph.o(.bss)
    angle                                    0x200063f8   Data          12  hi22x_periph.o(.bss)
    GimbalPitch_gimbalPitchMotorParamBigEnergy 0x20006404   Data         288  gim_gimbal_ctrl.o(.bss)
    GimbalPitch_gimbalPitchMotorParamSmallEnergy 0x20006524   Data         288  gim_gimbal_ctrl.o(.bss)
    GimbalPitch_gimbalPitchMotorParamArmor   0x20006644   Data         288  gim_gimbal_ctrl.o(.bss)
    GimbalPitch_gimbalPitchMotorParamIMUDebug 0x20006764   Data         288  gim_gimbal_ctrl.o(.bss)
    GimbalPitch_gimbalPitchMotorParamNoAuto  0x20006884   Data         288  gim_gimbal_ctrl.o(.bss)
    Gimbal_gambalControlData                 0x200069a4   Data          24  gim_gimbal_ctrl.o(.bss)
    MiniPC_MiniPCContrlData                  0x200069bc   Data         648  gim_minipc_ctrl.o(.bss)
    Remote_forward_backFilter                0x20006c48   Data          72  gim_remote_ctrl.o(.bss)
    Remote_right_leftFilter                  0x20006c90   Data          72  gim_remote_ctrl.o(.bss)
    Remote_mouse_y_Filter                    0x20006cd8   Data          72  gim_remote_ctrl.o(.bss)
    Shooter_shooterLeftMotorParam            0x20006d20   Data         288  gim_shoot_ctrl.o(.bss)
    Shooter_shooterRightMotorParam           0x20006e40   Data         288  gim_shoot_ctrl.o(.bss)
    Shooter_feederMotorParam                 0x20006f60   Data         288  gim_shoot_ctrl.o(.bss)
    Shooter_ShooterControl                   0x20007080   Data          76  gim_shoot_ctrl.o(.bss)
    Client_ScreenDisplay                     0x200070cc   Data          16  gim_client_ctrl.o(.bss)
    Client_ShootState                        0x200070dc   Data          84  gim_client_ctrl.o(.bss)
    Client_PeriphState                       0x20007130   Data          84  gim_client_ctrl.o(.bss)
    Client_CapState                          0x20007184   Data          84  gim_client_ctrl.o(.bss)
    func_event                               0x200071d8   Data          12  gim_client_ctrl.o(.bss)
    Ins_ImuTempPid                           0x200071e4   Data          84  gim_ins_ctrl.o(.bss)
    Ins_ImuTempPidParam                      0x20007238   Data          96  gim_ins_ctrl.o(.bss)
    Ins_ImuTempPwm                           0x20007298   Data          56  gim_ins_ctrl.o(.bss)
    INS_IMUData                              0x200072d0   Data         112  gim_ins_ctrl.o(.bss)
    BusComm_TxData                           0x20007340   Data          20  buscomm_ctrl.o(.bss)
    BusComm_RxData                           0x20007354   Data          20  buscomm_ctrl.o(.bss)
    BusComm_BusCommData                      0x20007368   Data          68  buscomm_ctrl.o(.bss)
    BusComm_GimMode                          0x200073ac   Data          24  buscomm_ctrl.o(.bss)
    BusComm_GimGimbalData                    0x200073c4   Data          24  buscomm_ctrl.o(.bss)
    BusComm_GimImuYaw                        0x200073dc   Data          24  buscomm_ctrl.o(.bss)
    BusComm_GimChassisRef                    0x200073f4   Data          24  buscomm_ctrl.o(.bss)
    BusComm_ChaYawAngleBasicData             0x2000740c   Data          24  buscomm_ctrl.o(.bss)
    BusComm_Cha17mmData                      0x20007424   Data          24  buscomm_ctrl.o(.bss)
    BusComm_CapState                         0x2000743c   Data          24  buscomm_ctrl.o(.bss)
    Infantry_3_Const                         0x20007454   Data        4264  infantry3_const.o(.bss)
    Infantry_4_Const                         0x200084fc   Data        4264  infantry4_const.o(.bss)
    Infantry_5_Const                         0x200095a4   Data        4264  infantry5_const.o(.bss)
    Infantry_6_Const                         0x2000a64c   Data        4264  infantry6_const.o(.bss)
    Infantry_7_Const                         0x2000b6f4   Data        4264  infantry7_const.o(.bss)
    Infantry_8_Const                         0x2000c79c   Data        4264  infantry8_const.o(.bss)
    Const_Infantry                           0x2000d844   Data        4264  const.o(.bss)
    Const_gimbalPitchMotorParam              0x2000e8ec   Data        1200  const.o(.bss)
    Const_ShooterMotorParam                  0x2000ed9c   Data         480  const.o(.bss)
    Const_FeederMotorParam                   0x2000ef7c   Data         240  const.o(.bss)
    __heap_base                              0x2000f070   Data           0  startup_stm32f405xx.o(HEAP)
    __heap_limit                             0x20010070   Data           0  startup_stm32f405xx.o(HEAP)
    __initial_sp                             0x20018070   Data           0  startup_stm32f405xx.o(STACK)



==============================================================================

Memory Map of the image

  Image Entry point : 0x08000189

  Load Region LR_IROM1 (Base: 0x08000000, Size: 0x00018e5c, Max: 0x00100000, ABSOLUTE, COMPRESSED[0x00018adc])

    Execution Region ER_IROM1 (Exec base: 0x08000000, Load base: 0x08000000, Size: 0x000189ec, Max: 0x00100000, ABSOLUTE)

    Exec Addr    Load Addr    Size         Type   Attr      Idx    E Section Name        Object

    0x08000000   0x08000000   0x00000188   Data   RO            3    RESET               startup_stm32f405xx.o
    0x08000188   0x08000188   0x00000000   Code   RO        11776  * .ARM.Collect$$$$00000000  mc_w.l(entry.o)
    0x08000188   0x08000188   0x00000004   Code   RO        11892    .ARM.Collect$$$$00000001  mc_w.l(entry2.o)
    0x0800018c   0x0800018c   0x00000004   Code   RO        11895    .ARM.Collect$$$$00000004  mc_w.l(entry5.o)
    0x08000190   0x08000190   0x00000000   Code   RO        11897    .ARM.Collect$$$$00000008  mc_w.l(entry7b.o)
    0x08000190   0x08000190   0x00000000   Code   RO        11899    .ARM.Collect$$$$0000000A  mc_w.l(entry8b.o)
    0x08000190   0x08000190   0x00000008   Code   RO        11900    .ARM.Collect$$$$0000000B  mc_w.l(entry9a.o)
    0x08000198   0x08000198   0x00000004   Code   RO        11907    .ARM.Collect$$$$0000000E  mc_w.l(entry12b.o)
    0x0800019c   0x0800019c   0x00000000   Code   RO        11902    .ARM.Collect$$$$0000000F  mc_w.l(entry10a.o)
    0x0800019c   0x0800019c   0x00000000   Code   RO        11904    .ARM.Collect$$$$00000011  mc_w.l(entry11a.o)
    0x0800019c   0x0800019c   0x00000004   Code   RO        11893    .ARM.Collect$$$$00002712  mc_w.l(entry2.o)
    0x080001a0   0x080001a0   0x000000be   Code   RO         6522    .emb_text           port.o
    0x0800025e   0x0800025e   0x00000002   PAD
    0x08000260   0x08000260   0x00000024   Code   RO            4    .text               startup_stm32f405xx.o
    0x08000284   0x08000284   0x00000062   Code   RO        11779    .text               mc_w.l(uldiv.o)
    0x080002e6   0x080002e6   0x00000002   PAD
    0x080002e8   0x080002e8   0x00000024   Code   RO        11781    .text               mc_w.l(rand.o)
    0x0800030c   0x0800030c   0x00000028   Code   RO        11784    .text               mc_w.l(memcpy.o)
    0x08000334   0x08000334   0x00000024   Code   RO        11790    .text               mc_w.l(memseta.o)
    0x08000358   0x08000358   0x0000000e   Code   RO        11792    .text               mc_w.l(strlen.o)
    0x08000366   0x08000366   0x0000014e   Code   RO        11854    .text               mf_w.l(dadd.o)
    0x080004b4   0x080004b4   0x000000e4   Code   RO        11856    .text               mf_w.l(dmul.o)
    0x08000598   0x08000598   0x00000022   Code   RO        11858    .text               mf_w.l(dflti.o)
    0x080005ba   0x080005ba   0x00000026   Code   RO        11860    .text               mf_w.l(f2d.o)
    0x080005e0   0x080005e0   0x00000038   Code   RO        11862    .text               mf_w.l(d2f.o)
    0x08000618   0x08000618   0x0000002c   Code   RO        11911    .text               mc_w.l(uidiv.o)
    0x08000644   0x08000644   0x0000001e   Code   RO        11913    .text               mc_w.l(llshl.o)
    0x08000662   0x08000662   0x00000020   Code   RO        11915    .text               mc_w.l(llushr.o)
    0x08000682   0x08000682   0x00000024   Code   RO        11917    .text               mc_w.l(llsshr.o)
    0x080006a6   0x080006a6   0x00000000   Code   RO        11928    .text               mc_w.l(iusefp.o)
    0x080006a6   0x080006a6   0x0000006e   Code   RO        11929    .text               mf_w.l(fepilogue.o)
    0x08000714   0x08000714   0x000000ba   Code   RO        11931    .text               mf_w.l(depilogue.o)
    0x080007ce   0x080007ce   0x000000de   Code   RO        11933    .text               mf_w.l(ddiv.o)
    0x080008ac   0x080008ac   0x00000030   Code   RO        11937    .text               mf_w.l(dfixul.o)
    0x080008dc   0x080008dc   0x00000030   Code   RO        11941    .text               mf_w.l(cdrcmple.o)
    0x0800090c   0x0800090c   0x00000024   Code   RO        11945    .text               mc_w.l(init.o)
    0x08000930   0x08000930   0x00000056   Code   RO        11957    .text               mc_w.l(__dczerorl2.o)
    0x08000986   0x08000986   0x00000008   Code   RO        11678    .text.arm_mat_init_f32  arm_cortexM4lf_math.lib(arm_mat_init_f32.o)
    0x0800098e   0x0800098e   0x00000002   PAD
    0x08000990   0x08000990   0x00000128   Code   RO         1219    i.ADC_Init          stm32f4xx_hal_adc.o
    0x08000ab8   0x08000ab8   0x00000020   Code   RO        10527    i.BusComm_CANRxCallback  buscomm_ctrl.o
    0x08000ad8   0x08000ad8   0x00000080   Code   RO        10528    i.BusComm_DecodeBusCommData  buscomm_ctrl.o
    0x08000b58   0x08000b58   0x00000008   Code   RO        10529    i.BusComm_GetBusDataPtr  buscomm_ctrl.o
    0x08000b60   0x08000b60   0x00000098   Code   RO        10530    i.BusComm_InitBusComm  buscomm_ctrl.o
    0x08000bf8   0x08000bf8   0x00000054   Code   RO        10532    i.BusComm_ResetBusCommData  buscomm_ctrl.o
    0x08000c4c   0x08000c4c   0x00000010   Code   RO        10533    i.BusComm_SendBlockError  buscomm_ctrl.o
    0x08000c5c   0x08000c5c   0x00000064   Code   RO        10534    i.BusComm_SendBusCommData  buscomm_ctrl.o
    0x08000cc0   0x08000cc0   0x0000001c   Code   RO        10535    i.BusComm_Task      buscomm_ctrl.o
    0x08000cdc   0x08000cdc   0x00000044   Code   RO        10536    i.BusComm_Update    buscomm_ctrl.o
    0x08000d20   0x08000d20   0x00000002   Code   RO          967    i.BusFault_Handler  stm32f4xx_it.o
    0x08000d22   0x08000d22   0x00000002   PAD
    0x08000d24   0x08000d24   0x0000000c   Code   RO          968    i.CAN1_RX0_IRQHandler  stm32f4xx_it.o
    0x08000d30   0x08000d30   0x0000000c   Code   RO          969    i.CAN2_RX0_IRQHandler  stm32f4xx_it.o
    0x08000d3c   0x08000d3c   0x0000002c   Code   RO        11065    i.CRC_GetCRC16CheckSum  crc_alg.o
    0x08000d68   0x08000d68   0x00000048   Code   RO         6616    i.Can_InitFilterAndStart  can_util.o
    0x08000db0   0x08000db0   0x00000010   Code   RO         6617    i.Can_InitTxHeader  can_util.o
    0x08000dc0   0x08000dc0   0x00000020   Code   RO         6618    i.Can_RxMessageCallback  can_util.o
    0x08000de0   0x08000de0   0x0000000a   Code   RO         6619    i.Can_SendMessage   can_util.o
    0x08000dea   0x08000dea   0x0000000a   Code   RO          283    i.Chassis_Task      freertos.o
    0x08000df4   0x08000df4   0x00000010   Code   RO        10087    i.Client_BackKeyShortHandler  gim_client_ctrl.o
    0x08000e04   0x08000e04   0x00000074   Code   RO        10089    i.Client_CreateNewPage  gim_client_ctrl.o
    0x08000e78   0x08000e78   0x000000a0   Code   RO        10090    i.Client_DisplayCurrentPage  gim_client_ctrl.o
    0x08000f18   0x08000f18   0x000000b4   Code   RO        10091    i.Client_DisplayInterface  gim_client_ctrl.o
    0x08000fcc   0x08000fcc   0x00000034   Code   RO        10092    i.Client_Init       gim_client_ctrl.o
    0x08001000   0x08001000   0x00000058   Code   RO        10093    i.Client_KeytHandler  gim_client_ctrl.o
    0x08001058   0x08001058   0x00000168   Code   RO        10094    i.Client_PageInit   gim_client_ctrl.o
    0x080011c0   0x080011c0   0x00000074   Code   RO        10095    i.Client_Task       gim_client_ctrl.o
    0x08001234   0x08001234   0x00000140   Code   RO        11565    i.Const_Copy        const.o
    0x08001374   0x08001374   0x00000170   Code   RO        11379    i.Const_Infantry_3_Init  infantry3_const.o
    0x080014e4   0x080014e4   0x00000170   Code   RO        11410    i.Const_Infantry_4_Init  infantry4_const.o
    0x08001654   0x08001654   0x00000170   Code   RO        11441    i.Const_Infantry_5_Init  infantry5_const.o
    0x080017c4   0x080017c4   0x00000170   Code   RO        11472    i.Const_Infantry_6_Init  infantry6_const.o
    0x08001934   0x08001934   0x00000170   Code   RO        11503    i.Const_Infantry_7_Init  infantry7_const.o
    0x08001aa4   0x08001aa4   0x00000170   Code   RO        11534    i.Const_Infantry_8_Init  infantry8_const.o
    0x08001c14   0x08001c14   0x00000090   Code   RO        11566    i.Const_Init        const.o
    0x08001ca4   0x08001ca4   0x00000070   Code   RO        11568    i.Const_SetGimbalPitchMotorParam  const.o
    0x08001d14   0x08001d14   0x00000048   Code   RO        11570    i.Const_SetShooterPIDParam  const.o
    0x08001d5c   0x08001d5c   0x0000000c   Code   RO          970    i.DMA1_Stream0_IRQHandler  stm32f4xx_it.o
    0x08001d68   0x08001d68   0x0000000c   Code   RO          971    i.DMA1_Stream1_IRQHandler  stm32f4xx_it.o
    0x08001d74   0x08001d74   0x0000000c   Code   RO          972    i.DMA1_Stream5_IRQHandler  stm32f4xx_it.o
    0x08001d80   0x08001d80   0x00000014   Code   RO          973    i.DMA2_Stream0_IRQHandler  stm32f4xx_it.o
    0x08001d94   0x08001d94   0x0000000c   Code   RO          974    i.DMA2_Stream1_IRQHandler  stm32f4xx_it.o
    0x08001da0   0x08001da0   0x0000000c   Code   RO          975    i.DMA2_Stream2_IRQHandler  stm32f4xx_it.o
    0x08001dac   0x08001dac   0x0000000c   Code   RO          976    i.DMA2_Stream3_IRQHandler  stm32f4xx_it.o
    0x08001db8   0x08001db8   0x0000000c   Code   RO          977    i.DMA2_Stream4_IRQHandler  stm32f4xx_it.o
    0x08001dc4   0x08001dc4   0x00000028   Code   RO         1953    i.DMA_CalcBaseAndBitshift  stm32f4xx_hal_dma.o
    0x08001dec   0x08001dec   0x00000054   Code   RO         1954    i.DMA_CheckFifoParam  stm32f4xx_hal_dma.o
    0x08001e40   0x08001e40   0x00000028   Code   RO         1955    i.DMA_SetConfig     stm32f4xx_hal_dma.o
    0x08001e68   0x08001e68   0x00000002   Code   RO          978    i.DebugMon_Handler  stm32f4xx_it.o
    0x08001e6a   0x08001e6a   0x0000001e   Code   RO          979    i.EXTI15_10_IRQHandler  stm32f4xx_it.o
    0x08001e88   0x08001e88   0x00000006   Code   RO          980    i.EXTI2_IRQHandler  stm32f4xx_it.o
    0x08001e8e   0x08001e8e   0x00000006   Code   RO          981    i.EXTI3_IRQHandler  stm32f4xx_it.o
    0x08001e94   0x08001e94   0x00000004   Code   RO           13    i.Error_Handler     main.o
    0x08001e98   0x08001e98   0x00000050   Code   RO         1768    i.FLASH_Erase_Sector  stm32f4xx_hal_flash_ex.o
    0x08001ee8   0x08001ee8   0x00000054   Code   RO         1769    i.FLASH_FlushCaches  stm32f4xx_hal_flash_ex.o
    0x08001f3c   0x08001f3c   0x00000028   Code   RO         1770    i.FLASH_MassErase   stm32f4xx_hal_flash_ex.o
    0x08001f64   0x08001f64   0x00000020   Code   RO         1650    i.FLASH_Program_Byte  stm32f4xx_hal_flash.o
    0x08001f84   0x08001f84   0x0000002c   Code   RO         1651    i.FLASH_Program_DoubleWord  stm32f4xx_hal_flash.o
    0x08001fb0   0x08001fb0   0x00000024   Code   RO         1652    i.FLASH_Program_HalfWord  stm32f4xx_hal_flash.o
    0x08001fd4   0x08001fd4   0x00000024   Code   RO         1653    i.FLASH_Program_Word  stm32f4xx_hal_flash.o
    0x08001ff8   0x08001ff8   0x00000068   Code   RO         1654    i.FLASH_SetErrorCode  stm32f4xx_hal_flash.o
    0x08002060   0x08002060   0x00000050   Code   RO         1655    i.FLASH_WaitForLastOperation  stm32f4xx_hal_flash.o
    0x080020b0   0x080020b0   0x00000130   Code   RO        10786    i.Filter_Bessel     filter_alg.o
    0x080021e0   0x080021e0   0x000000c4   Code   RO        10787    i.Filter_LowPass    filter_alg.o
    0x080022a4   0x080022a4   0x00000014   Code   RO        10788    i.Filter_LowPassInit  filter_alg.o
    0x080022b8   0x080022b8   0x0000002a   Code   RO         7041    i.Flash_EraseAddress  flash_util.o
    0x080022e2   0x080022e2   0x00000002   PAD
    0x080022e4   0x080022e4   0x000000d4   Code   RO         7042    i.Flash_GetNextSector  flash_util.o
    0x080023b8   0x080023b8   0x000000c4   Code   RO         7043    i.Flash_GetSector   flash_util.o
    0x0800247c   0x0800247c   0x0000000c   Code   RO         7044    i.Flash_ReadData    flash_util.o
    0x08002488   0x08002488   0x00000074   Code   RO         7046    i.Flash_WriteSingleAddress  flash_util.o
    0x080024fc   0x080024fc   0x00000078   Code   RO         6690    i.GPIO_IRQCallback  gpio_util.o
    0x08002574   0x08002574   0x00000010   Code   RO         6691    i.GPIO_ReadPin      gpio_util.o
    0x08002584   0x08002584   0x0000001e   Code   RO         6692    i.GPIO_Reset        gpio_util.o
    0x080025a2   0x080025a2   0x0000001e   Code   RO         6693    i.GPIO_Set          gpio_util.o
    0x080025c0   0x080025c0   0x00000018   Code   RO         9586    i.GimbalPitch_Output  gim_gimbal_ctrl.o
    0x080025d8   0x080025d8   0x00000018   Code   RO         9587    i.Gimbal_ChangeMode  gim_gimbal_ctrl.o
    0x080025f0   0x080025f0   0x000000d0   Code   RO         9588    i.Gimbal_CtrlPitch  gim_gimbal_ctrl.o
    0x080026c0   0x080026c0   0x00000034   Code   RO         9589    i.Gimbal_CtrlYaw    gim_gimbal_ctrl.o
    0x080026f4   0x080026f4   0x00000008   Code   RO         9590    i.Gimbal_GetGimbalControlPtr  gim_gimbal_ctrl.o
    0x080026fc   0x080026fc   0x00000040   Code   RO         9591    i.Gimbal_InitOffset  gim_gimbal_ctrl.o
    0x0800273c   0x0800273c   0x00000080   Code   RO         9592    i.Gimbal_LimitPitch  gim_gimbal_ctrl.o
    0x080027bc   0x080027bc   0x0000006c   Code   RO         9593    i.Gimbal_LimitYaw   gim_gimbal_ctrl.o
    0x08002828   0x08002828   0x00000014   Code   RO         9595    i.Gimbal_SetPitchRef  gim_gimbal_ctrl.o
    0x0800283c   0x0800283c   0x00000014   Code   RO         9597    i.Gimbal_SetYawRef  gim_gimbal_ctrl.o
    0x08002850   0x08002850   0x00000024   Code   RO         9598    i.Gimbal_Task       gim_gimbal_ctrl.o
    0x08002874   0x08002874   0x0000014c   Code   RO         1221    i.HAL_ADC_ConfigChannel  stm32f4xx_hal_adc.o
    0x080029c0   0x080029c0   0x00000054   Code   RO         1230    i.HAL_ADC_Init      stm32f4xx_hal_adc.o
    0x08002a14   0x08002a14   0x000000a0   Code   RO          535    i.HAL_ADC_MspInit   adc.o
    0x08002ab4   0x08002ab4   0x00000024   Code   RO         2627    i.HAL_CAN_ActivateNotification  stm32f4xx_hal_can.o
    0x08002ad8   0x08002ad8   0x000000dc   Code   RO         2628    i.HAL_CAN_AddTxMessage  stm32f4xx_hal_can.o
    0x08002bb4   0x08002bb4   0x0000010c   Code   RO         2629    i.HAL_CAN_ConfigFilter  stm32f4xx_hal_can.o
    0x08002cc0   0x08002cc0   0x00000002   Code   RO         2632    i.HAL_CAN_ErrorCallback  stm32f4xx_hal_can.o
    0x08002cc2   0x08002cc2   0x000000e8   Code   RO         2635    i.HAL_CAN_GetRxMessage  stm32f4xx_hal_can.o
    0x08002daa   0x08002daa   0x0000002c   Code   RO         2637    i.HAL_CAN_GetTxMailboxesFreeLevel  stm32f4xx_hal_can.o
    0x08002dd6   0x08002dd6   0x000001fc   Code   RO         2639    i.HAL_CAN_IRQHandler  stm32f4xx_hal_can.o
    0x08002fd2   0x08002fd2   0x0000011a   Code   RO         2640    i.HAL_CAN_Init      stm32f4xx_hal_can.o
    0x080030ec   0x080030ec   0x00000100   Code   RO          577    i.HAL_CAN_MspInit   can.o
    0x080031ec   0x080031ec   0x00000002   Code   RO         2647    i.HAL_CAN_RxFifo0FullCallback  stm32f4xx_hal_can.o
    0x080031ee   0x080031ee   0x00000002   PAD
    0x080031f0   0x080031f0   0x00000024   Code   RO         6620    i.HAL_CAN_RxFifo0MsgPendingCallback  can_util.o
    0x08003214   0x08003214   0x00000002   Code   RO         2649    i.HAL_CAN_RxFifo1FullCallback  stm32f4xx_hal_can.o
    0x08003216   0x08003216   0x00000002   Code   RO         2650    i.HAL_CAN_RxFifo1MsgPendingCallback  stm32f4xx_hal_can.o
    0x08003218   0x08003218   0x00000002   Code   RO         2651    i.HAL_CAN_SleepCallback  stm32f4xx_hal_can.o
    0x0800321a   0x0800321a   0x00000002   PAD
    0x0800321c   0x0800321c   0x00000058   Code   RO         2652    i.HAL_CAN_Start     stm32f4xx_hal_can.o
    0x08003274   0x08003274   0x00000002   Code   RO         2654    i.HAL_CAN_TxMailbox0AbortCallback  stm32f4xx_hal_can.o
    0x08003276   0x08003276   0x00000002   Code   RO         2655    i.HAL_CAN_TxMailbox0CompleteCallback  stm32f4xx_hal_can.o
    0x08003278   0x08003278   0x00000002   Code   RO         2656    i.HAL_CAN_TxMailbox1AbortCallback  stm32f4xx_hal_can.o
    0x0800327a   0x0800327a   0x00000002   Code   RO         2657    i.HAL_CAN_TxMailbox1CompleteCallback  stm32f4xx_hal_can.o
    0x0800327c   0x0800327c   0x00000002   Code   RO         2658    i.HAL_CAN_TxMailbox2AbortCallback  stm32f4xx_hal_can.o
    0x0800327e   0x0800327e   0x00000002   Code   RO         2659    i.HAL_CAN_TxMailbox2CompleteCallback  stm32f4xx_hal_can.o
    0x08003280   0x08003280   0x00000002   Code   RO         2661    i.HAL_CAN_WakeUpFromRxMsgCallback  stm32f4xx_hal_can.o
    0x08003282   0x08003282   0x00000046   Code   RO         2863    i.HAL_DAC_ConfigChannel  stm32f4xx_hal_dac.o
    0x080032c8   0x080032c8   0x00000028   Code   RO         2873    i.HAL_DAC_Init      stm32f4xx_hal_dac.o
    0x080032f0   0x080032f0   0x00000060   Code   RO          626    i.HAL_DAC_MspInit   dac.o
    0x08003350   0x08003350   0x0000008e   Code   RO         1956    i.HAL_DMA_Abort     stm32f4xx_hal_dma.o
    0x080033de   0x080033de   0x00000024   Code   RO         1957    i.HAL_DMA_Abort_IT  stm32f4xx_hal_dma.o
    0x08003402   0x08003402   0x00000002   PAD
    0x08003404   0x08003404   0x000001a0   Code   RO         1961    i.HAL_DMA_IRQHandler  stm32f4xx_hal_dma.o
    0x080035a4   0x080035a4   0x000000d4   Code   RO         1962    i.HAL_DMA_Init      stm32f4xx_hal_dma.o
    0x08003678   0x08003678   0x00000046   Code   RO         1965    i.HAL_DMA_Start     stm32f4xx_hal_dma.o
    0x080036be   0x080036be   0x00000002   PAD
    0x080036c0   0x080036c0   0x00000024   Code   RO         2375    i.HAL_Delay         stm32f4xx_hal.o
    0x080036e4   0x080036e4   0x00000098   Code   RO         1771    i.HAL_FLASHEx_Erase  stm32f4xx_hal_flash_ex.o
    0x0800377c   0x0800377c   0x00000014   Code   RO         1659    i.HAL_FLASH_Lock    stm32f4xx_hal_flash.o
    0x08003790   0x08003790   0x0000007c   Code   RO         1664    i.HAL_FLASH_Program  stm32f4xx_hal_flash.o
    0x0800380c   0x0800380c   0x0000002c   Code   RO         1666    i.HAL_FLASH_Unlock  stm32f4xx_hal_flash.o
    0x08003838   0x08003838   0x00000004   Code   RO          982    i.HAL_GPIO_EXTI_Callback  stm32f4xx_it.o
    0x0800383c   0x0800383c   0x00000018   Code   RO         1848    i.HAL_GPIO_EXTI_IRQHandler  stm32f4xx_hal_gpio.o
    0x08003854   0x08003854   0x000001ec   Code   RO         1849    i.HAL_GPIO_Init     stm32f4xx_hal_gpio.o
    0x08003a40   0x08003a40   0x0000000a   Code   RO         1851    i.HAL_GPIO_ReadPin  stm32f4xx_hal_gpio.o
    0x08003a4a   0x08003a4a   0x0000000a   Code   RO         1853    i.HAL_GPIO_WritePin  stm32f4xx_hal_gpio.o
    0x08003a54   0x08003a54   0x0000000c   Code   RO         2381    i.HAL_GetTick       stm32f4xx_hal.o
    0x08003a60   0x08003a60   0x00000188   Code   RO         3111    i.HAL_I2C_Init      stm32f4xx_hal_i2c.o
    0x08003be8   0x08003be8   0x0000012c   Code   RO         3124    i.HAL_I2C_Master_Transmit  stm32f4xx_hal_i2c.o
    0x08003d14   0x08003d14   0x000001f8   Code   RO         3129    i.HAL_I2C_Mem_Read  stm32f4xx_hal_i2c.o
    0x08003f0c   0x08003f0c   0x000000a0   Code   RO          692    i.HAL_I2C_MspInit   i2c.o
    0x08003fac   0x08003fac   0x00000010   Code   RO         2387    i.HAL_IncTick       stm32f4xx_hal.o
    0x08003fbc   0x08003fbc   0x00000034   Code   RO         2388    i.HAL_Init          stm32f4xx_hal.o
    0x08003ff0   0x08003ff0   0x00000074   Code   RO         1177    i.HAL_InitTick      stm32f4xx_hal_timebase_tim.o
    0x08004064   0x08004064   0x00000038   Code   RO         1153    i.HAL_MspInit       stm32f4xx_hal_msp.o
    0x0800409c   0x0800409c   0x0000001a   Code   RO         2238    i.HAL_NVIC_EnableIRQ  stm32f4xx_hal_cortex.o
    0x080040b6   0x080040b6   0x00000002   PAD
    0x080040b8   0x080040b8   0x00000040   Code   RO         2244    i.HAL_NVIC_SetPriority  stm32f4xx_hal_cortex.o
    0x080040f8   0x080040f8   0x00000024   Code   RO         2245    i.HAL_NVIC_SetPriorityGrouping  stm32f4xx_hal_cortex.o
    0x0800411c   0x0800411c   0x00000134   Code   RO         1495    i.HAL_RCC_ClockConfig  stm32f4xx_hal_rcc.o
    0x08004250   0x08004250   0x00000040   Code   RO         1499    i.HAL_RCC_GetClockConfig  stm32f4xx_hal_rcc.o
    0x08004290   0x08004290   0x00000020   Code   RO         1502    i.HAL_RCC_GetPCLK1Freq  stm32f4xx_hal_rcc.o
    0x080042b0   0x080042b0   0x00000020   Code   RO         1503    i.HAL_RCC_GetPCLK2Freq  stm32f4xx_hal_rcc.o
    0x080042d0   0x080042d0   0x00000064   Code   RO         1504    i.HAL_RCC_GetSysClockFreq  stm32f4xx_hal_rcc.o
    0x08004334   0x08004334   0x0000036c   Code   RO         1507    i.HAL_RCC_OscConfig  stm32f4xx_hal_rcc.o
    0x080046a0   0x080046a0   0x000000bc   Code   RO         3556    i.HAL_SPI_Init      stm32f4xx_hal_spi.o
    0x0800475c   0x0800475c   0x000000d8   Code   RO          740    i.HAL_SPI_MspInit   spi.o
    0x08004834   0x08004834   0x00000002   Code   RO         4573    i.HAL_TIMEx_BreakCallback  stm32f4xx_hal_tim_ex.o
    0x08004836   0x08004836   0x00000002   Code   RO         4574    i.HAL_TIMEx_CommutCallback  stm32f4xx_hal_tim_ex.o
    0x08004838   0x08004838   0x00000054   Code   RO         4576    i.HAL_TIMEx_ConfigBreakDeadTime  stm32f4xx_hal_tim_ex.o
    0x0800488c   0x0800488c   0x00000090   Code   RO         4592    i.HAL_TIMEx_MasterConfigSynchronization  stm32f4xx_hal_tim_ex.o
    0x0800491c   0x0800491c   0x0000005a   Code   RO         3869    i.HAL_TIM_Base_Init  stm32f4xx_hal_tim.o
    0x08004976   0x08004976   0x00000002   PAD
    0x08004978   0x08004978   0x000000f0   Code   RO          782    i.HAL_TIM_Base_MspInit  tim.o
    0x08004a68   0x08004a68   0x00000080   Code   RO         3874    i.HAL_TIM_Base_Start_IT  stm32f4xx_hal_tim.o
    0x08004ae8   0x08004ae8   0x000000d6   Code   RO         3878    i.HAL_TIM_ConfigClockSource  stm32f4xx_hal_tim.o
    0x08004bbe   0x08004bbe   0x000000a4   Code   RO         3890    i.HAL_TIM_Encoder_Init  stm32f4xx_hal_tim.o
    0x08004c62   0x08004c62   0x00000002   PAD
    0x08004c64   0x08004c64   0x000000a0   Code   RO          784    i.HAL_TIM_Encoder_MspInit  tim.o
    0x08004d04   0x08004d04   0x0000008e   Code   RO         3893    i.HAL_TIM_Encoder_Start  stm32f4xx_hal_tim.o
    0x08004d92   0x08004d92   0x00000002   Code   RO         3903    i.HAL_TIM_IC_CaptureCallback  stm32f4xx_hal_tim.o
    0x08004d94   0x08004d94   0x00000166   Code   RO         3917    i.HAL_TIM_IRQHandler  stm32f4xx_hal_tim.o
    0x08004efa   0x08004efa   0x00000002   PAD
    0x08004efc   0x08004efc   0x000000b0   Code   RO          785    i.HAL_TIM_MspPostInit  tim.o
    0x08004fac   0x08004fac   0x00000002   Code   RO         3920    i.HAL_TIM_OC_DelayElapsedCallback  stm32f4xx_hal_tim.o
    0x08004fae   0x08004fae   0x000000c6   Code   RO         3941    i.HAL_TIM_PWM_ConfigChannel  stm32f4xx_hal_tim.o
    0x08005074   0x08005074   0x0000005a   Code   RO         3944    i.HAL_TIM_PWM_Init  stm32f4xx_hal_tim.o
    0x080050ce   0x080050ce   0x00000002   Code   RO         3946    i.HAL_TIM_PWM_MspInit  stm32f4xx_hal_tim.o
    0x080050d0   0x080050d0   0x00000002   Code   RO         3947    i.HAL_TIM_PWM_PulseFinishedCallback  stm32f4xx_hal_tim.o
    0x080050d2   0x080050d2   0x00000002   PAD
    0x080050d4   0x080050d4   0x000000c8   Code   RO         3949    i.HAL_TIM_PWM_Start  stm32f4xx_hal_tim.o
    0x0800519c   0x0800519c   0x0000007c   Code   RO         3952    i.HAL_TIM_PWM_Stop  stm32f4xx_hal_tim.o
    0x08005218   0x08005218   0x00000014   Code   RO           14    i.HAL_TIM_PeriodElapsedCallback  main.o
    0x0800522c   0x0800522c   0x00000002   Code   RO         3960    i.HAL_TIM_TriggerCallback  stm32f4xx_hal_tim.o
    0x0800522e   0x0800522e   0x00000002   Code   RO         4851    i.HAL_UARTEx_RxEventCallback  stm32f4xx_hal_uart.o
    0x08005230   0x08005230   0x00000002   Code   RO         4865    i.HAL_UART_ErrorCallback  stm32f4xx_hal_uart.o
    0x08005232   0x08005232   0x0000000a   Code   RO         4867    i.HAL_UART_GetState  stm32f4xx_hal_uart.o
    0x0800523c   0x0800523c   0x00000210   Code   RO         4868    i.HAL_UART_IRQHandler  stm32f4xx_hal_uart.o
    0x0800544c   0x0800544c   0x00000062   Code   RO         4869    i.HAL_UART_Init     stm32f4xx_hal_uart.o
    0x080054ae   0x080054ae   0x00000002   PAD
    0x080054b0   0x080054b0   0x00000308   Code   RO          902    i.HAL_UART_MspInit  usart.o
    0x080057b8   0x080057b8   0x00000002   Code   RO         4875    i.HAL_UART_RxCpltCallback  stm32f4xx_hal_uart.o
    0x080057ba   0x080057ba   0x0000003e   Code   RO         4879    i.HAL_UART_Transmit_IT  stm32f4xx_hal_uart.o
    0x080057f8   0x080057f8   0x00000002   Code   RO         4880    i.HAL_UART_TxCpltCallback  stm32f4xx_hal_uart.o
    0x080057fa   0x080057fa   0x00000002   PAD
    0x080057fc   0x080057fc   0x00000008   Code   RO         9513    i.HI22X_GetHI22XDataPtr  hi22x_periph.o
    0x08005804   0x08005804   0x0000020c   Code   RO         9514    i.HI22X_HI22xDecodeHI22XData  hi22x_periph.o
    0x08005a10   0x08005a10   0x00000034   Code   RO         9515    i.HI22X_Init        hi22x_periph.o
    0x08005a44   0x08005a44   0x00000038   Code   RO         9516    i.HI22X_InitAngelOffset  hi22x_periph.o
    0x08005a7c   0x08005a7c   0x0000003c   Code   RO         9518    i.HI22X_RXCallback  hi22x_periph.o
    0x08005ab8   0x08005ab8   0x00000030   Code   RO         9519    i.HI22X_ResetHI22XData  hi22x_periph.o
    0x08005ae8   0x08005ae8   0x00000002   Code   RO          983    i.HardFault_Handler  stm32f4xx_it.o
    0x08005aea   0x08005aea   0x0000002e   Code   RO         3153    i.I2C_IsAcknowledgeFailed  stm32f4xx_hal_i2c.o
    0x08005b18   0x08005b18   0x0000009c   Code   RO         3157    i.I2C_MasterRequestWrite  stm32f4xx_hal_i2c.o
    0x08005bb4   0x08005bb4   0x000000fc   Code   RO         3163    i.I2C_RequestMemoryRead  stm32f4xx_hal_i2c.o
    0x08005cb0   0x08005cb0   0x0000004c   Code   RO         3167    i.I2C_WaitOnBTFFlagUntilTimeout  stm32f4xx_hal_i2c.o
    0x08005cfc   0x08005cfc   0x00000068   Code   RO         3168    i.I2C_WaitOnFlagUntilTimeout  stm32f4xx_hal_i2c.o
    0x08005d64   0x08005d64   0x00000096   Code   RO         3169    i.I2C_WaitOnMasterAddressFlagUntilTimeout  stm32f4xx_hal_i2c.o
    0x08005dfa   0x08005dfa   0x00000066   Code   RO         3170    i.I2C_WaitOnRXNEFlagUntilTimeout  stm32f4xx_hal_i2c.o
    0x08005e60   0x08005e60   0x0000004c   Code   RO         3171    i.I2C_WaitOnTXEFlagUntilTimeout  stm32f4xx_hal_i2c.o
    0x08005eac   0x08005eac   0x0000000c   Code   RO         6899    i.I2c_MasterSendMessage  i2c_util.o
    0x08005eb8   0x08005eb8   0x00000014   Code   RO         6900    i.I2c_ReadMuliReg   i2c_util.o
    0x08005ecc   0x08005ecc   0x00000070   Code   RO        10690    i.Init_Task         init_ctrl.o
    0x08005f3c   0x08005f3c   0x00000002   Code   RO        10286    i.Ins_DMAIRQHandler  gim_ins_ctrl.o
    0x08005f3e   0x08005f3e   0x00000002   PAD
    0x08005f40   0x08005f40   0x00000040   Code   RO        10287    i.Ins_DecodeIMUData  gim_ins_ctrl.o
    0x08005f80   0x08005f80   0x0000008c   Code   RO        10288    i.Ins_GPIOExitCallback  gim_ins_ctrl.o
    0x0800600c   0x0800600c   0x00000008   Code   RO        10289    i.Ins_GetIMUDataPtr  gim_ins_ctrl.o
    0x08006014   0x08006014   0x00000024   Code   RO        10290    i.Ins_InitIMU       gim_ins_ctrl.o
    0x08006038   0x08006038   0x00000004   Code   RO        10291    i.Ins_InsInit       gim_ins_ctrl.o
    0x0800603c   0x0800603c   0x00000050   Code   RO        10293    i.Ins_Task          gim_ins_ctrl.o
    0x0800608c   0x0800608c   0x000003e8   Code   RO        10828    i.Kalman_FilterInit  kalman_alg.o
    0x08006474   0x08006474   0x0000003c   Code   RO         7755    i.Key_GetEquipCode  key_periph.o
    0x080064b0   0x080064b0   0x00000040   Code   RO         7756    i.Key_KeyEventHandler  key_periph.o
    0x080064f0   0x080064f0   0x00000002   Code   RO         7098    i.LED_InitAllLEDs   led_periph.o
    0x080064f2   0x080064f2   0x00000014   Code   RO        11218    i.List_GetCurrentListDataPtr  list_lib.o
    0x08006506   0x08006506   0x0000002c   Code   RO        11220    i.List_GetListPtr   list_lib.o
    0x08006532   0x08006532   0x00000016   Code   RO        11221    i.List_GetNextListDataPtr  list_lib.o
    0x08006548   0x08006548   0x00000016   Code   RO        11222    i.List_GetPreviousListDataPtr  list_lib.o
    0x0800655e   0x0800655e   0x00000024   Code   RO        11223    i.List_InitList     list_lib.o
    0x08006582   0x08006582   0x00000032   Code   RO        11225    i.List_InsertEnd    list_lib.o
    0x080065b4   0x080065b4   0x0000001c   Code   RO        10222    i.Login_CheckCode   gim_login_ctrl.o
    0x080065d0   0x080065d0   0x00000012   Code   RO        10223    i.Login_CreateCode  gim_login_ctrl.o
    0x080065e2   0x080065e2   0x00000002   PAD
    0x080065e4   0x080065e4   0x0000000c   Code   RO        10224    i.Login_GetCode     gim_login_ctrl.o
    0x080065f0   0x080065f0   0x00000054   Code   RO        10225    i.Login_GetPassword  gim_login_ctrl.o
    0x08006644   0x08006644   0x0000001c   Code   RO        10226    i.Login_Init        gim_login_ctrl.o
    0x08006660   0x08006660   0x000002d8   Code   RO        10227    i.Login_LoginCmd    gim_login_ctrl.o
    0x08006938   0x08006938   0x0000000c   Code   RO        10228    i.Login_LoginOn     gim_login_ctrl.o
    0x08006944   0x08006944   0x00000008   Code   RO         7793    i.MAG_GetMAGDataPtr  magnetic_periph.o
    0x0800694c   0x0800694c   0x00000068   Code   RO         7796    i.MAG_MAGUpdate     magnetic_periph.o
    0x080069b4   0x080069b4   0x00000090   Code   RO          536    i.MX_ADC1_Init      adc.o
    0x08006a44   0x08006a44   0x00000044   Code   RO          578    i.MX_CAN1_Init      can.o
    0x08006a88   0x08006a88   0x00000044   Code   RO          579    i.MX_CAN2_Init      can.o
    0x08006acc   0x08006acc   0x0000003c   Code   RO          627    i.MX_DAC_Init       dac.o
    0x08006b08   0x08006b08   0x000000ac   Code   RO          667    i.MX_DMA_Init       dma.o
    0x08006bb4   0x08006bb4   0x00000148   Code   RO          288    i.MX_FREERTOS_Init  freertos.o
    0x08006cfc   0x08006cfc   0x00000150   Code   RO          258    i.MX_GPIO_Init      gpio.o
    0x08006e4c   0x08006e4c   0x00000040   Code   RO          693    i.MX_I2C1_Init      i2c.o
    0x08006e8c   0x08006e8c   0x00000040   Code   RO          694    i.MX_I2C2_Init      i2c.o
    0x08006ecc   0x08006ecc   0x00000048   Code   RO          741    i.MX_SPI1_Init      spi.o
    0x08006f14   0x08006f14   0x00000034   Code   RO          786    i.MX_TIM10_Init     tim.o
    0x08006f48   0x08006f48   0x00000034   Code   RO          787    i.MX_TIM11_Init     tim.o
    0x08006f7c   0x08006f7c   0x00000080   Code   RO          788    i.MX_TIM12_Init     tim.o
    0x08006ffc   0x08006ffc   0x000000c8   Code   RO          789    i.MX_TIM1_Init      tim.o
    0x080070c4   0x080070c4   0x00000060   Code   RO          790    i.MX_TIM2_Init      tim.o
    0x08007124   0x08007124   0x000000a8   Code   RO          791    i.MX_TIM3_Init      tim.o
    0x080071cc   0x080071cc   0x0000006c   Code   RO          792    i.MX_TIM4_Init      tim.o
    0x08007238   0x08007238   0x0000006c   Code   RO          793    i.MX_TIM5_Init      tim.o
    0x080072a4   0x080072a4   0x00000044   Code   RO          794    i.MX_TIM6_Init      tim.o
    0x080072e8   0x080072e8   0x00000068   Code   RO          795    i.MX_TIM8_Init      tim.o
    0x08007350   0x08007350   0x0000004c   Code   RO          796    i.MX_TIM9_Init      tim.o
    0x0800739c   0x0800739c   0x00000038   Code   RO          903    i.MX_UART5_Init     usart.o
    0x080073d4   0x080073d4   0x00000040   Code   RO          904    i.MX_USART1_UART_Init  usart.o
    0x08007414   0x08007414   0x0000003c   Code   RO          905    i.MX_USART2_UART_Init  usart.o
    0x08007450   0x08007450   0x00000038   Code   RO          906    i.MX_USART3_UART_Init  usart.o
    0x08007488   0x08007488   0x00000038   Code   RO          907    i.MX_USART6_UART_Init  usart.o
    0x080074c0   0x080074c0   0x0000005a   Code   RO        10869    i.Math_CalcSlopeRef  math_alg.o
    0x0800751a   0x0800751a   0x0000002c   Code   RO        10870    i.Math_Differential  math_alg.o
    0x08007546   0x08007546   0x00000006   Code   RO        10873    i.Math_InitSlopeParam  math_alg.o
    0x0800754c   0x0800754c   0x00000002   Code   RO          984    i.MemManage_Handler  stm32f4xx_it.o
    0x0800754e   0x0800754e   0x00000002   PAD
    0x08007550   0x08007550   0x00000078   Code   RO         7150    i.MiniPC_ArmorPacketDecode  minipc_periph.o
    0x080075c8   0x080075c8   0x0000004c   Code   RO         9691    i.MiniPC_CV_CalInitSpeed  gim_minipc_ctrl.o
    0x08007614   0x08007614   0x00000018   Code   RO         9693    i.MiniPC_ChangeAimMode  gim_minipc_ctrl.o
    0x0800762c   0x0800762c   0x000000ac   Code   RO         9694    i.MiniPC_ControlInit  gim_minipc_ctrl.o
    0x080076d8   0x080076d8   0x00000044   Code   RO         7151    i.MiniPC_DecodeMiniPCPacket  minipc_periph.o
    0x0800771c   0x0800771c   0x00000008   Code   RO         9695    i.MiniPC_GetMiniPCControlDataPtr  gim_minipc_ctrl.o
    0x08007724   0x08007724   0x00000008   Code   RO         7152    i.MiniPC_GetMiniPCDataPtr  minipc_periph.o
    0x0800772c   0x0800772c   0x00000018   Code   RO         7153    i.MiniPC_HeartPacketDecode  minipc_periph.o
    0x08007744   0x08007744   0x00000024   Code   RO         7154    i.MiniPC_InitMiniPC  minipc_periph.o
    0x08007768   0x08007768   0x00000040   Code   RO         7156    i.MiniPC_RXCallback  minipc_periph.o
    0x080077a8   0x080077a8   0x00000034   Code   RO         7157    i.MiniPC_ResetMiniPCData  minipc_periph.o
    0x080077dc   0x080077dc   0x00000094   Code   RO         7158    i.MiniPC_SendHeartPacket  minipc_periph.o
    0x08007870   0x08007870   0x00000020   Code   RO         9700    i.MiniPC_Task       gim_minipc_ctrl.o
    0x08007890   0x08007890   0x00000048   Code   RO         7159    i.MiniPC_Update     minipc_periph.o
    0x080078d8   0x080078d8   0x00000090   Code   RO         9701    i.MiniPC_UpdateControlData  gim_minipc_ctrl.o
    0x08007968   0x08007968   0x00000060   Code   RO         7160    i.MiniPC_VerifyMiniPCData  minipc_periph.o
    0x080079c8   0x080079c8   0x00000086   Code   RO         7264    i.Motor_CalcMotorOutput  motor_periph.o
    0x08007a4e   0x08007a4e   0x0000006e   Code   RO         7265    i.Motor_CalcMotorOutputRingOverrided  motor_periph.o
    0x08007abc   0x08007abc   0x0000003e   Code   RO         7266    i.Motor_DecodeEncoder  motor_periph.o
    0x08007afa   0x08007afa   0x00000002   PAD
    0x08007afc   0x08007afc   0x00000030   Code   RO         7267    i.Motor_EncoderDecodeCallback  motor_periph.o
    0x08007b2c   0x08007b2c   0x00000024   Code   RO         7269    i.Motor_GetMotorOutput  motor_periph.o
    0x08007b50   0x08007b50   0x000001cc   Code   RO         7271    i.Motor_InitAllMotors  motor_periph.o
    0x08007d1c   0x08007d1c   0x000000ac   Code   RO         7272    i.Motor_InitMotor   motor_periph.o
    0x08007dc8   0x08007dc8   0x00000036   Code   RO         7273    i.Motor_InitMotorGroup  motor_periph.o
    0x08007dfe   0x08007dfe   0x00000074   Code   RO         7274    i.Motor_InitMotorParam  motor_periph.o
    0x08007e72   0x08007e72   0x00000002   PAD
    0x08007e74   0x08007e74   0x00000068   Code   RO         7277    i.Motor_ReadPWMEncoder  motor_periph.o
    0x08007edc   0x08007edc   0x0000002a   Code   RO         7279    i.Motor_ResetMotorPID  motor_periph.o
    0x08007f06   0x08007f06   0x00000002   PAD
    0x08007f08   0x08007f08   0x000000d0   Code   RO         7280    i.Motor_SendMotorGroupOutput  motor_periph.o
    0x08007fd8   0x08007fd8   0x00000064   Code   RO         7281    i.Motor_SendMotorPWMOutput  motor_periph.o
    0x0800803c   0x0800803c   0x00000026   Code   RO         7282    i.Motor_SetMotorFdb  motor_periph.o
    0x08008062   0x08008062   0x00000022   Code   RO         7283    i.Motor_SetMotorRef  motor_periph.o
    0x08008084   0x08008084   0x00000002   Code   RO          985    i.NMI_Handler       stm32f4xx_it.o
    0x08008086   0x08008086   0x00000002   PAD
    0x08008088   0x08008088   0x0000002c   Code   RO         7623    i.OLED_DisplayBMG   oled_periph.o
    0x080080b4   0x080080b4   0x00000054   Code   RO         7624    i.OLED_DisplayGIF   oled_periph.o
    0x08008108   0x08008108   0x0000001e   Code   RO         7627    i.OLED_DisplayOn    oled_periph.o
    0x08008126   0x08008126   0x00000002   PAD
    0x08008128   0x08008128   0x00000048   Code   RO         7629    i.OLED_DrawPoint    oled_periph.o
    0x08008170   0x08008170   0x00000040   Code   RO         7630    i.OLED_OperateGram  oled_periph.o
    0x080081b0   0x080081b0   0x00000044   Code   RO         7631    i.OLED_Printf       oled_periph.o
    0x080081f4   0x080081f4   0x00000034   Code   RO         7632    i.OLED_RefreshGram  oled_periph.o
    0x08008228   0x08008228   0x00000028   Code   RO         7633    i.OLED_SetPos       oled_periph.o
    0x08008250   0x08008250   0x00000078   Code   RO         7634    i.OLED_ShowChar     oled_periph.o
    0x080082c8   0x080082c8   0x0000002e   Code   RO         7635    i.OLED_ShowString   oled_periph.o
    0x080082f6   0x080082f6   0x000000e6   Code   RO         7636    i.OLED_init         oled_periph.o
    0x080083dc   0x080083dc   0x0000001c   Code   RO         7637    i.Oled_Writebyte    oled_periph.o
    0x080083f8   0x080083f8   0x0000000e   Code   RO        10991    i.PID_AddPIDRef     pid_alg.o
    0x08008406   0x08008406   0x000002b0   Code   RO        10992    i.PID_CalcPID       pid_alg.o
    0x080086b6   0x080086b6   0x00000002   PAD
    0x080086b8   0x080086b8   0x00000040   Code   RO        10993    i.PID_ClearPID      pid_alg.o
    0x080086f8   0x080086f8   0x00000006   Code   RO        10995    i.PID_GetPIDOutput  pid_alg.o
    0x080086fe   0x080086fe   0x00000062   Code   RO        10997    i.PID_InitPIDParam  pid_alg.o
    0x08008760   0x08008760   0x00000006   Code   RO        10998    i.PID_SetPIDFdb     pid_alg.o
    0x08008766   0x08008766   0x00000006   Code   RO        10999    i.PID_SetPIDRef     pid_alg.o
    0x0800876c   0x0800876c   0x00000050   Code   RO         6772    i.PWM_InitPWM       pwm_util.o
    0x080087bc   0x080087bc   0x00000054   Code   RO         6773    i.PWM_SetPWMDuty    pwm_util.o
    0x08008810   0x08008810   0x00000048   Code   RO         6774    i.PWM_SetPWMFreq    pwm_util.o
    0x08008858   0x08008858   0x0000001c   Code   RO         6775    i.PWM_StartPWM      pwm_util.o
    0x08008874   0x08008874   0x0000001c   Code   RO         6776    i.PWM_StopPWM       pwm_util.o
    0x08008890   0x08008890   0x0000000a   Code   RO          290    i.Referee_Task      freertos.o
    0x0800889a   0x0800889a   0x00000002   PAD
    0x0800889c   0x0800889c   0x00000010   Code   RO         7452    i.Remote_CancelChannelOffset  remote_periph.o
    0x080088ac   0x080088ac   0x00000080   Code   RO         9792    i.Remote_ControlCom  gim_remote_ctrl.o
    0x0800892c   0x0800892c   0x00000060   Code   RO         7453    i.Remote_DecodeKeyboardData  remote_periph.o
    0x0800898c   0x0800898c   0x000000c6   Code   RO         7454    i.Remote_DecodeRemoteData  remote_periph.o
    0x08008a52   0x08008a52   0x00000036   Code   RO         9793    i.Remote_Gesture    gim_remote_ctrl.o
    0x08008a88   0x08008a88   0x00000014   Code   RO         9794    i.Remote_GestureFunction_1  gim_remote_ctrl.o
    0x08008a9c   0x08008a9c   0x00000014   Code   RO         9795    i.Remote_GestureFunction_2  gim_remote_ctrl.o
    0x08008ab0   0x08008ab0   0x00000014   Code   RO         9796    i.Remote_GestureFunction_3  gim_remote_ctrl.o
    0x08008ac4   0x08008ac4   0x0000001c   Code   RO         9797    i.Remote_GestureFunction_4  gim_remote_ctrl.o
    0x08008ae0   0x08008ae0   0x000000e4   Code   RO         9798    i.Remote_Gesturejudge  gim_remote_ctrl.o
    0x08008bc4   0x08008bc4   0x00000008   Code   RO         7455    i.Remote_GetRemoteDataPtr  remote_periph.o
    0x08008bcc   0x08008bcc   0x00000030   Code   RO         7456    i.Remote_InitRemote  remote_periph.o
    0x08008bfc   0x08008bfc   0x00000030   Code   RO         7457    i.Remote_IsRemoteError  remote_periph.o
    0x08008c2c   0x08008c2c   0x000002bc   Code   RO         9800    i.Remote_KeyMouseProcess  gim_remote_ctrl.o
    0x08008ee8   0x08008ee8   0x00000078   Code   RO         9801    i.Remote_MouseShooterModeSet  gim_remote_ctrl.o
    0x08008f60   0x08008f60   0x00000040   Code   RO         7459    i.Remote_RXCallback  remote_periph.o
    0x08008fa0   0x08008fa0   0x000000f4   Code   RO         9802    i.Remote_RemoteProcess  gim_remote_ctrl.o
    0x08009094   0x08009094   0x00000058   Code   RO         9803    i.Remote_RemoteShooterModeSet  gim_remote_ctrl.o
    0x080090ec   0x080090ec   0x00000034   Code   RO         9804    i.Remote_RemotrControlInit  gim_remote_ctrl.o
    0x08009120   0x08009120   0x00000034   Code   RO         7460    i.Remote_ResetRemoteData  remote_periph.o
    0x08009154   0x08009154   0x0000001c   Code   RO         9805    i.Remote_Task       gim_remote_ctrl.o
    0x08009170   0x08009170   0x00000006   Code   RO         7555    i.Servo_GetServoAngle  servo_periph.o
    0x08009176   0x08009176   0x00000002   PAD
    0x08009178   0x08009178   0x00000014   Code   RO         7557    i.Servo_InitAllServos  servo_periph.o
    0x0800918c   0x0800918c   0x00000034   Code   RO         7558    i.Servo_InitServo   servo_periph.o
    0x080091c0   0x080091c0   0x0000002c   Code   RO         7559    i.Servo_SetServoAngle  servo_periph.o
    0x080091ec   0x080091ec   0x0000000a   Code   RO         7560    i.Servo_StartServo  servo_periph.o
    0x080091f6   0x080091f6   0x00000002   PAD
    0x080091f8   0x080091f8   0x0000001c   Code   RO         9908    i.Shoot_Task        gim_shoot_ctrl.o
    0x08009214   0x08009214   0x00000010   Code   RO         9909    i.Shooter_AngleCorrect  gim_shoot_ctrl.o
    0x08009224   0x08009224   0x0000002c   Code   RO         9910    i.Shooter_ChangeFeederMode  gim_shoot_ctrl.o
    0x08009250   0x08009250   0x00000014   Code   RO         9911    i.Shooter_ChangeShooterMode  gim_shoot_ctrl.o
    0x08009264   0x08009264   0x00000016   Code   RO         9912    i.Shooter_Control   gim_shoot_ctrl.o
    0x0800927a   0x0800927a   0x00000002   PAD
    0x0800927c   0x0800927c   0x00000080   Code   RO         9913    i.Shooter_FeederControl  gim_shoot_ctrl.o
    0x080092fc   0x080092fc   0x0000002c   Code   RO         9916    i.Shooter_GetRefereeSpeed  gim_shoot_ctrl.o
    0x08009328   0x08009328   0x00000060   Code   RO         9917    i.Shooter_GetShootSpeedOffset  gim_shoot_ctrl.o
    0x08009388   0x08009388   0x00000008   Code   RO         9918    i.Shooter_GetShooterControlPtr  gim_shoot_ctrl.o
    0x08009390   0x08009390   0x000000c0   Code   RO         9919    i.Shooter_HeatCtrl  gim_shoot_ctrl.o
    0x08009450   0x08009450   0x00000068   Code   RO         9921    i.Shooter_InitShooter  gim_shoot_ctrl.o
    0x080094b8   0x080094b8   0x00000084   Code   RO         9922    i.Shooter_InitShooterMotor  gim_shoot_ctrl.o
    0x0800953c   0x0800953c   0x000000d0   Code   RO         9923    i.Shooter_ModifySpeedOffset  gim_shoot_ctrl.o
    0x0800960c   0x0800960c   0x00000048   Code   RO         9924    i.Shooter_MotorLockedHandle  gim_shoot_ctrl.o
    0x08009654   0x08009654   0x0000000c   Code   RO         9926    i.Shooter_SetFeederSpeed  gim_shoot_ctrl.o
    0x08009660   0x08009660   0x00000010   Code   RO         9927    i.Shooter_SetShooterSpeed  gim_shoot_ctrl.o
    0x08009670   0x08009670   0x000000c4   Code   RO         9928    i.Shooter_ShootControl  gim_shoot_ctrl.o
    0x08009734   0x08009734   0x00000028   Code   RO         9929    i.Shooter_ShooterMotorOutput  gim_shoot_ctrl.o
    0x0800975c   0x0800975c   0x0000002c   Code   RO         9930    i.Shooter_SingleShootCtrl  gim_shoot_ctrl.o
    0x08009788   0x08009788   0x0000000c   Code   RO         9931    i.Shooter_SingleShootReset  gim_shoot_ctrl.o
    0x08009794   0x08009794   0x000000c8   Code   RO         9932    i.Shooter_SpeedOffsetFlashInit  gim_shoot_ctrl.o
    0x0800985c   0x0800985c   0x00000040   Code   RO         9933    i.Shooter_UpdataControlData  gim_shoot_ctrl.o
    0x0800989c   0x0800989c   0x00000008   Code   RO          293    i.StartDefaultTask  freertos.o
    0x080098a4   0x080098a4   0x0000000a   Code   RO          294    i.SuperCap_Task     freertos.o
    0x080098ae   0x080098ae   0x00000002   PAD
    0x080098b0   0x080098b0   0x0000002c   Code   RO         6523    i.SysTick_Handler   port.o
    0x080098dc   0x080098dc   0x00000094   Code   RO           15    i.SystemClock_Config  main.o
    0x08009970   0x08009970   0x00000010   Code   RO         5198    i.SystemInit        system_stm32f4xx.o
    0x08009980   0x08009980   0x0000000c   Code   RO          986    i.TIM7_IRQHandler   stm32f4xx_it.o
    0x0800998c   0x0800998c   0x000000c8   Code   RO         3962    i.TIM_Base_SetConfig  stm32f4xx_hal_tim.o
    0x08009a54   0x08009a54   0x0000001a   Code   RO         3963    i.TIM_CCxChannelCmd  stm32f4xx_hal_tim.o
    0x08009a6e   0x08009a6e   0x00000014   Code   RO         3973    i.TIM_ETR_SetConfig  stm32f4xx_hal_tim.o
    0x08009a82   0x08009a82   0x00000010   Code   RO         3974    i.TIM_ITRx_SetConfig  stm32f4xx_hal_tim.o
    0x08009a92   0x08009a92   0x00000002   PAD
    0x08009a94   0x08009a94   0x00000060   Code   RO         3975    i.TIM_OC1_SetConfig  stm32f4xx_hal_tim.o
    0x08009af4   0x08009af4   0x0000006c   Code   RO         3976    i.TIM_OC2_SetConfig  stm32f4xx_hal_tim.o
    0x08009b60   0x08009b60   0x00000068   Code   RO         3977    i.TIM_OC3_SetConfig  stm32f4xx_hal_tim.o
    0x08009bc8   0x08009bc8   0x00000050   Code   RO         3978    i.TIM_OC4_SetConfig  stm32f4xx_hal_tim.o
    0x08009c18   0x08009c18   0x00000022   Code   RO         3980    i.TIM_TI1_ConfigInputStage  stm32f4xx_hal_tim.o
    0x08009c3a   0x08009c3a   0x00000024   Code   RO         3982    i.TIM_TI2_ConfigInputStage  stm32f4xx_hal_tim.o
    0x08009c5e   0x08009c5e   0x00000002   PAD
    0x08009c60   0x08009c60   0x00000018   Code   RO          987    i.UART5_IRQHandler  stm32f4xx_it.o
    0x08009c78   0x08009c78   0x00000010   Code   RO         4882    i.UART_DMAAbortOnError  stm32f4xx_hal_uart.o
    0x08009c88   0x08009c88   0x00000030   Code   RO         4892    i.UART_EndRxTransfer  stm32f4xx_hal_uart.o
    0x08009cb8   0x08009cb8   0x000000ae   Code   RO         4894    i.UART_Receive_IT   stm32f4xx_hal_uart.o
    0x08009d66   0x08009d66   0x00000002   PAD
    0x08009d68   0x08009d68   0x0000010c   Code   RO         4895    i.UART_SetConfig    stm32f4xx_hal_uart.o
    0x08009e74   0x08009e74   0x00000018   Code   RO          988    i.USART1_IRQHandler  stm32f4xx_it.o
    0x08009e8c   0x08009e8c   0x00000018   Code   RO          989    i.USART2_IRQHandler  stm32f4xx_it.o
    0x08009ea4   0x08009ea4   0x00000018   Code   RO          990    i.USART3_IRQHandler  stm32f4xx_it.o
    0x08009ebc   0x08009ebc   0x00000018   Code   RO          991    i.USART6_IRQHandler  stm32f4xx_it.o
    0x08009ed4   0x08009ed4   0x00000006   Code   RO         6819    i.Uart_DMACurrentDataCounter  uart_util.o
    0x08009eda   0x08009eda   0x00000014   Code   RO         6821    i.Uart_InitUartDMA  uart_util.o
    0x08009eee   0x08009eee   0x00000038   Code   RO         6822    i.Uart_ReceiveDMA   uart_util.o
    0x08009f26   0x08009f26   0x00000020   Code   RO         6823    i.Uart_ReceiveHandler  uart_util.o
    0x08009f46   0x08009f46   0x00000002   PAD
    0x08009f48   0x08009f48   0x00000040   Code   RO         6824    i.Uart_RxIdleCallback  uart_util.o
    0x08009f88   0x08009f88   0x00000004   Code   RO         6826    i.Uart_SendMessage_IT  uart_util.o
    0x08009f8c   0x08009f8c   0x00000002   Code   RO          992    i.UsageFault_Handler  stm32f4xx_it.o
    0x08009f8e   0x08009f8e   0x00000008   Code   RO        10652    i.WatchDog_Task     watchdog_ctrl.o
    0x08009f96   0x08009f96   0x00000002   PAD
    0x08009f98   0x08009f98   0x00000024   Code   RO        11805    i.__0vsprintf       mc_w.l(printfa.o)
    0x08009fbc   0x08009fbc   0x00000020   Code   RO         2251    i.__NVIC_SetPriority  stm32f4xx_hal_cortex.o
    0x08009fdc   0x08009fdc   0x0000000e   Code   RO        11951    i.__scatterload_copy  mc_w.l(handlers.o)
    0x08009fea   0x08009fea   0x00000002   Code   RO        11952    i.__scatterload_null  mc_w.l(handlers.o)
    0x08009fec   0x08009fec   0x0000000e   Code   RO        11953    i.__scatterload_zeroinit  mc_w.l(handlers.o)
    0x08009ffa   0x08009ffa   0x00000002   Code   RO        10537    i._cmd_mode_control  buscomm_ctrl.o
    0x08009ffc   0x08009ffc   0x00000184   Code   RO        11806    i._fp_digits        mc_w.l(printfa.o)
    0x0800a180   0x0800a180   0x000006b4   Code   RO        11807    i._printf_core      mc_w.l(printfa.o)
    0x0800a834   0x0800a834   0x00000024   Code   RO        11808    i._printf_post_padding  mc_w.l(printfa.o)
    0x0800a858   0x0800a858   0x0000002e   Code   RO        11809    i._printf_pre_padding  mc_w.l(printfa.o)
    0x0800a886   0x0800a886   0x00000002   PAD
    0x0800a888   0x0800a888   0x00000068   Code   RO        10413    i._send_chassis_ref  buscomm_cmd.o
    0x0800a8f0   0x0800a8f0   0x00000068   Code   RO        10414    i._send_gimbal_data  buscomm_cmd.o
    0x0800a958   0x0800a958   0x00000068   Code   RO        10415    i._send_imu_yaw     buscomm_cmd.o
    0x0800a9c0   0x0800a9c0   0x0000007c   Code   RO        10416    i._send_mode        buscomm_cmd.o
    0x0800aa3c   0x0800aa3c   0x00000054   Code   RO        10418    i._set_17mm_data    buscomm_cmd.o
    0x0800aa90   0x0800aa90   0x0000003c   Code   RO        10419    i._set_cap_state    buscomm_cmd.o
    0x0800aacc   0x0800aacc   0x00000048   Code   RO        10420    i._set_cha_ref      buscomm_cmd.o
    0x0800ab14   0x0800ab14   0x00000048   Code   RO        10421    i._set_gimbal_data  buscomm_cmd.o
    0x0800ab5c   0x0800ab5c   0x00000048   Code   RO        10422    i._set_imu_yaw      buscomm_cmd.o
    0x0800aba4   0x0800aba4   0x00000088   Code   RO        10423    i._set_mode         buscomm_cmd.o
    0x0800ac2c   0x0800ac2c   0x0000004c   Code   RO        10424    i._set_yaw_angle_basic_data  buscomm_cmd.o
    0x0800ac78   0x0800ac78   0x0000000a   Code   RO        11811    i._sputc            mc_w.l(printfa.o)
    0x0800ac82   0x0800ac82   0x00000008   Code   RO        11137    i.buff2float        buff_lib.o
    0x0800ac8a   0x0800ac8a   0x00000006   Code   RO        11138    i.buff2i16          buff_lib.o
    0x0800ac90   0x0800ac90   0x00000004   Code   RO        11139    i.buff2ui16         buff_lib.o
    0x0800ac94   0x0800ac94   0x00000002   Code   RO        10096    i.cap_state_func_long_press  gim_client_ctrl.o
    0x0800ac96   0x0800ac96   0x00000002   Code   RO        10097    i.cap_state_func_short_press  gim_client_ctrl.o
    0x0800ac98   0x0800ac98   0x0000001a   Code   RO         7284    i.chassis_encoder_callback  motor_periph.o
    0x0800acb2   0x0800acb2   0x00000002   PAD
    0x0800acb4   0x0800acb4   0x00000104   Code   RO         7285    i.feeder_encoder_callback  motor_periph.o
    0x0800adb8   0x0800adb8   0x00000008   Code   RO        11141    i.float2buff        buff_lib.o
    0x0800adc0   0x0800adc0   0x000000f8   Code   RO         7286    i.gimbal_encoder_callback  motor_periph.o
    0x0800aeb8   0x0800aeb8   0x0000000c   Code   RO         6074    i.inHandlerMode     cmsis_os.o
    0x0800aec4   0x0800aec4   0x00000076   Code   RO           16    i.main              main.o
    0x0800af3a   0x0800af3a   0x0000000c   Code   RO         6076    i.makeFreeRtosPriority  cmsis_os.o
    0x0800af46   0x0800af46   0x00000002   PAD
    0x0800af48   0x0800af48   0x0000006c   Code   RO        11827    i.malloc            mc_w.l(malloc.o)
    0x0800afb4   0x0800afb4   0x0000000e   Code   RO         6078    i.osDelay           cmsis_os.o
    0x0800afc2   0x0800afc2   0x0000000a   Code   RO         6081    i.osKernelStart     cmsis_os.o
    0x0800afcc   0x0800afcc   0x00000026   Code   RO         6090    i.osMessageCreate   cmsis_os.o
    0x0800aff2   0x0800aff2   0x00000002   PAD
    0x0800aff4   0x0800aff4   0x00000094   Code   RO         6092    i.osMessageGet      cmsis_os.o
    0x0800b088   0x0800b088   0x0000005c   Code   RO         6094    i.osMessagePut      cmsis_os.o
    0x0800b0e4   0x0800b0e4   0x00000054   Code   RO         6115    i.osThreadCreate    cmsis_os.o
    0x0800b138   0x0800b138   0x00000020   Code   RO         5712    i.pcTaskGetName     tasks.o
    0x0800b158   0x0800b158   0x00000002   Code   RO        10098    i.periph_state_func_long_press  gim_client_ctrl.o
    0x0800b15a   0x0800b15a   0x00000002   Code   RO        10099    i.periph_state_func_short_press  gim_client_ctrl.o
    0x0800b15c   0x0800b15c   0x00000078   Code   RO         5713    i.prvAddCurrentTaskToDelayedList  tasks.o
    0x0800b1d4   0x0800b1d4   0x000000d0   Code   RO         5714    i.prvAddNewTaskToReadyList  tasks.o
    0x0800b2a4   0x0800b2a4   0x00000026   Code   RO         5376    i.prvCopyDataFromQueue  queue.o
    0x0800b2ca   0x0800b2ca   0x0000006c   Code   RO         5377    i.prvCopyDataToQueue  queue.o
    0x0800b336   0x0800b336   0x00000034   Code   RO         5715    i.prvDeleteTCB      tasks.o
    0x0800b36a   0x0800b36a   0x00000002   PAD
    0x0800b36c   0x0800b36c   0x0000004c   Code   RO         6455    i.prvHeapInit       heap_4.o
    0x0800b3b8   0x0800b3b8   0x00000060   Code   RO         5716    i.prvIdleTask       tasks.o
    0x0800b418   0x0800b418   0x00000016   Code   RO         5379    i.prvInitialiseNewQueue  queue.o
    0x0800b42e   0x0800b42e   0x00000002   PAD
    0x0800b430   0x0800b430   0x000000b4   Code   RO         5717    i.prvInitialiseNewTask  tasks.o
    0x0800b4e4   0x0800b4e4   0x0000004c   Code   RO         6456    i.prvInsertBlockIntoFreeList  heap_4.o
    0x0800b530   0x0800b530   0x0000001c   Code   RO         5380    i.prvIsQueueEmpty   queue.o
    0x0800b54c   0x0800b54c   0x00000020   Code   RO         5718    i.prvResetNextTaskUnblockTime  tasks.o
    0x0800b56c   0x0800b56c   0x00000058   Code   RO         5719    i.prvSearchForNameWithinSingleList  tasks.o
    0x0800b5c4   0x0800b5c4   0x00000028   Code   RO         6524    i.prvTaskExitError  port.o
    0x0800b5ec   0x0800b5ec   0x0000006a   Code   RO         5381    i.prvUnlockQueue    queue.o
    0x0800b656   0x0800b656   0x00000002   PAD
    0x0800b658   0x0800b658   0x000000dc   Code   RO         6457    i.pvPortMalloc      heap_4.o
    0x0800b734   0x0800b734   0x0000002c   Code   RO         6525    i.pxPortInitialiseStack  port.o
    0x0800b760   0x0800b760   0x00000008   Code   RO        10100    i.shoot_state_func_long_press  gim_client_ctrl.o
    0x0800b768   0x0800b768   0x00000006   Code   RO        10101    i.shoot_state_func_short_press  gim_client_ctrl.o
    0x0800b76e   0x0800b76e   0x00000002   Code   RO         7287    i.shooter_encoder_callback  motor_periph.o
    0x0800b770   0x0800b770   0x0000000a   Code   RO        11142    i.ui162buff         buff_lib.o
    0x0800b77a   0x0800b77a   0x00000002   PAD
    0x0800b77c   0x0800b77c   0x00000068   Code   RO         5723    i.ulTaskNotifyTake  tasks.o
    0x0800b7e4   0x0800b7e4   0x00000026   Code   RO         5336    i.uxListRemove      list.o
    0x0800b80a   0x0800b80a   0x00000002   PAD
    0x0800b80c   0x0800b80c   0x00000014   Code   RO          296    i.vApplicationGetIdleTaskMemory  freertos.o
    0x0800b820   0x0800b820   0x00000016   Code   RO         5337    i.vListInitialise   list.o
    0x0800b836   0x0800b836   0x00000006   Code   RO         5338    i.vListInitialiseItem  list.o
    0x0800b83c   0x0800b83c   0x00000030   Code   RO         5339    i.vListInsert       list.o
    0x0800b86c   0x0800b86c   0x00000018   Code   RO         5340    i.vListInsertEnd    list.o
    0x0800b884   0x0800b884   0x00000040   Code   RO         6527    i.vPortEnterCritical  port.o
    0x0800b8c4   0x0800b8c4   0x00000028   Code   RO         6528    i.vPortExitCritical  port.o
    0x0800b8ec   0x0800b8ec   0x00000064   Code   RO         6458    i.vPortFree         heap_4.o
    0x0800b950   0x0800b950   0x00000024   Code   RO         6529    i.vPortSetupTimerInterrupt  port.o
    0x0800b974   0x0800b974   0x00000054   Code   RO         6530    i.vPortValidateInterruptPriority  port.o
    0x0800b9c8   0x0800b9c8   0x0000004c   Code   RO         5731    i.vTaskDelay        tasks.o
    0x0800ba14   0x0800ba14   0x000000ac   Code   RO         5733    i.vTaskDelete       tasks.o
    0x0800bac0   0x0800bac0   0x00000010   Code   RO         5735    i.vTaskInternalSetTimeOutState  tasks.o
    0x0800bad0   0x0800bad0   0x0000000c   Code   RO         5736    i.vTaskMissedYield  tasks.o
    0x0800badc   0x0800badc   0x000000b4   Code   RO         5737    i.vTaskNotifyGiveFromISR  tasks.o
    0x0800bb90   0x0800bb90   0x00000030   Code   RO         5738    i.vTaskPlaceOnEventList  tasks.o
    0x0800bbc0   0x0800bbc0   0x0000006c   Code   RO         5745    i.vTaskStartScheduler  tasks.o
    0x0800bc2c   0x0800bc2c   0x00000010   Code   RO         5747    i.vTaskSuspendAll   tasks.o
    0x0800bc3c   0x0800bc3c   0x0000005c   Code   RO         5748    i.vTaskSwitchContext  tasks.o
    0x0800bc98   0x0800bc98   0x000000f4   Code   RO         6531    i.xPortStartScheduler  port.o
    0x0800bd8c   0x0800bd8c   0x00000042   Code   RO         5390    i.xQueueGenericCreate  queue.o
    0x0800bdce   0x0800bdce   0x00000066   Code   RO         5391    i.xQueueGenericCreateStatic  queue.o
    0x0800be34   0x0800be34   0x00000088   Code   RO         5392    i.xQueueGenericReset  queue.o
    0x0800bebc   0x0800bebc   0x00000160   Code   RO         5393    i.xQueueGenericSend  queue.o
    0x0800c01c   0x0800c01c   0x000000be   Code   RO         5394    i.xQueueGenericSendFromISR  queue.o
    0x0800c0da   0x0800c0da   0x00000002   PAD
    0x0800c0dc   0x0800c0dc   0x00000138   Code   RO         5402    i.xQueueReceive     queue.o
    0x0800c214   0x0800c214   0x0000009a   Code   RO         5403    i.xQueueReceiveFromISR  queue.o
    0x0800c2ae   0x0800c2ae   0x00000002   PAD
    0x0800c2b0   0x0800c2b0   0x00000088   Code   RO         5751    i.xTaskCheckForTimeOut  tasks.o
    0x0800c338   0x0800c338   0x0000005a   Code   RO         5752    i.xTaskCreate       tasks.o
    0x0800c392   0x0800c392   0x00000056   Code   RO         5753    i.xTaskCreateStatic  tasks.o
    0x0800c3e8   0x0800c3e8   0x00000084   Code   RO         5757    i.xTaskGetHandle    tasks.o
    0x0800c46c   0x0800c46c   0x0000001c   Code   RO         5758    i.xTaskGetSchedulerState  tasks.o
    0x0800c488   0x0800c488   0x000000cc   Code   RO         5761    i.xTaskIncrementTick  tasks.o
    0x0800c554   0x0800c554   0x00000098   Code   RO         5764    i.xTaskPriorityDisinherit  tasks.o
    0x0800c5ec   0x0800c5ec   0x00000074   Code   RO         5766    i.xTaskRemoveFromEventList  tasks.o
    0x0800c660   0x0800c660   0x000000c4   Code   RO         5767    i.xTaskResumeAll    tasks.o
    0x0800c724   0x0800c724   0x0000017c   Data   RO          298    .constdata          freertos.o
    0x0800c8a0   0x0800c8a0   0x00000008   Data   RO         1968    .constdata          stm32f4xx_hal_dma.o
    0x0800c8a8   0x0800c8a8   0x00000010   Data   RO         5199    .constdata          system_stm32f4xx.o
    0x0800c8b8   0x0800c8b8   0x00000008   Data   RO         5200    .constdata          system_stm32f4xx.o
    0x0800c8c0   0x0800c8c0   0x00000004   Data   RO        10425    .constdata          buscomm_cmd.o
    0x0800c8c4   0x0800c8c4   0x00000004   Data   RO        10426    .constdata          buscomm_cmd.o
    0x0800c8c8   0x0800c8c8   0x00000004   Data   RO        10427    .constdata          buscomm_cmd.o
    0x0800c8cc   0x0800c8cc   0x00000004   Data   RO        10428    .constdata          buscomm_cmd.o
    0x0800c8d0   0x0800c8d0   0x00000004   Data   RO        10429    .constdata          buscomm_cmd.o
    0x0800c8d4   0x0800c8d4   0x00000004   Data   RO        10430    .constdata          buscomm_cmd.o
    0x0800c8d8   0x0800c8d8   0x00000004   Data   RO        10431    .constdata          buscomm_cmd.o
    0x0800c8dc   0x0800c8dc   0x00000001   Data   RO        10546    .constdata          buscomm_ctrl.o
    0x0800c8dd   0x0800c8dd   0x00000001   Data   RO        10547    .constdata          buscomm_ctrl.o
    0x0800c8de   0x0800c8de   0x00000001   Data   RO        10553    .constdata          buscomm_ctrl.o
    0x0800c8df   0x0800c8df   0x00000001   Data   RO        10554    .constdata          buscomm_ctrl.o
    0x0800c8e0   0x0800c8e0   0x00000001   Data   RO        10555    .constdata          buscomm_ctrl.o
    0x0800c8e1   0x0800c8e1   0x00000001   Data   RO        10556    .constdata          buscomm_ctrl.o
    0x0800c8e2   0x0800c8e2   0x00000001   Data   RO        10557    .constdata          buscomm_ctrl.o
    0x0800c8e3   0x0800c8e3   0x00000001   Data   RO        10558    .constdata          buscomm_ctrl.o
    0x0800c8e4   0x0800c8e4   0x00000001   Data   RO        10559    .constdata          buscomm_ctrl.o
    0x0800c8e5   0x0800c8e5   0x00000001   Data   RO        10561    .constdata          buscomm_ctrl.o
    0x0800c8e6   0x0800c8e6   0x00000300   Data   RO        11071    .constdata          crc_alg.o
    0x0800cbe6   0x0800cbe6   0x00000474   Data   RO        11326    .constdata          font_lib.o
    0x0800d05a   0x0800d05a   0x00000400   Data   RO        11327    .constdata          font_lib.o
    0x0800d45a   0x0800d45a   0x00000400   Data   RO        11328    .constdata          font_lib.o
    0x0800d85a   0x0800d85a   0x00000400   Data   RO        11329    .constdata          font_lib.o
    0x0800dc5a   0x0800dc5a   0x00004000   Data   RO        11354    .constdata          gif_lib.o
    0x08011c5a   0x08011c5a   0x00004000   Data   RO        11355    .constdata          gif_lib.o
    0x08015c5a   0x08015c5a   0x00000002   PAD
    0x08015c5c   0x08015c5c   0x00000780   Data   RO        11381    .constdata          infantry3_const.o
    0x080163dc   0x080163dc   0x00000780   Data   RO        11412    .constdata          infantry4_const.o
    0x08016b5c   0x08016b5c   0x00000780   Data   RO        11443    .constdata          infantry5_const.o
    0x080172dc   0x080172dc   0x00000780   Data   RO        11474    .constdata          infantry6_const.o
    0x08017a5c   0x08017a5c   0x00000780   Data   RO        11505    .constdata          infantry7_const.o
    0x080181dc   0x080181dc   0x00000780   Data   RO        11536    .constdata          infantry8_const.o
    0x0801895c   0x0801895c   0x0000006e   Data   RO          299    .conststring        freertos.o
    0x080189ca   0x080189ca   0x00000002   PAD
    0x080189cc   0x080189cc   0x00000020   Data   RO        11949    Region$$Table       anon$$obj.o


    Execution Region RW_IRAM1 (Exec base: 0x20000000, Load base: 0x080189ec, Size: 0x00018070, Max: 0x00020000, ABSOLUTE, COMPRESSED[0x000000f0])

    Exec Addr    Load Addr    Size         Type   Attr      Idx    E Section Name        Object

    0x20000000   COMPRESSED   0x00000038   Data   RW          300    .data               freertos.o
    0x20000038   COMPRESSED   0x00000004   Data   RW          581    .data               can.o
    0x2000003c   COMPRESSED   0x0000000c   Data   RW         2395    .data               stm32f4xx_hal.o
    0x20000048   COMPRESSED   0x00000004   Data   RW         5201    .data               system_stm32f4xx.o
    0x2000004c   COMPRESSED   0x0000003c   Data   RW         5770    .data               tasks.o
    0x20000088   COMPRESSED   0x00000020   Data   RW         6464    .data               heap_4.o
    0x200000a8   COMPRESSED   0x0000000c   Data   RW         6532    .data               port.o
    0x200000b4   COMPRESSED   0x00000014   Data   RW         6694    .data               gpio_util.o
    0x200000c8   COMPRESSED   0x00000014   Data   RW         6695    .data               gpio_util.o
    0x200000dc   COMPRESSED   0x00000014   Data   RW         6699    .data               gpio_util.o
    0x200000f0   COMPRESSED   0x00000014   Data   RW         6700    .data               gpio_util.o
    0x20000104   COMPRESSED   0x00000014   Data   RW         6701    .data               gpio_util.o
    0x20000118   COMPRESSED   0x00000014   Data   RW         6702    .data               gpio_util.o
    0x2000012c   COMPRESSED   0x00000014   Data   RW         6703    .data               gpio_util.o
    0x20000140   COMPRESSED   0x00000014   Data   RW         6704    .data               gpio_util.o
    0x20000154   COMPRESSED   0x00000014   Data   RW         6705    .data               gpio_util.o
    0x20000168   COMPRESSED   0x00000014   Data   RW         6706    .data               gpio_util.o
    0x2000017c   COMPRESSED   0x00000004   Data   RW         6707    .data               gpio_util.o
    0x20000180   COMPRESSED   0x00000004   Data   RW         6708    .data               gpio_util.o
    0x20000184   COMPRESSED   0x00000014   Data   RW         6712    .data               gpio_util.o
    0x20000198   COMPRESSED   0x00000004   Data   RW         6713    .data               gpio_util.o
    0x2000019c   COMPRESSED   0x00000004   Data   RW         6714    .data               gpio_util.o
    0x200001a0   COMPRESSED   0x00000004   Data   RW         6715    .data               gpio_util.o
    0x200001a4   COMPRESSED   0x00000010   Data   RW         7047    .data               flash_util.o
    0x200001b4   COMPRESSED   0x0000000c   Data   RW         7181    .data               minipc_periph.o
    0x200001c0   COMPRESSED   0x00000004   Data   RW         7294    .data               motor_periph.o
    0x200001c4   COMPRESSED   0x00000004   Data   RW         7469    .data               remote_periph.o
    0x200001c8   COMPRESSED   0x00000010   Data   RW         7639    .data               oled_periph.o
    0x200001d8   COMPRESSED   0x00000004   Data   RW         7801    .data               magnetic_periph.o
    0x200001dc   COMPRESSED   0x00000008   Data   RW         9524    .data               hi22x_periph.o
    0x200001e4   COMPRESSED   0x00000078   Data   RW         9703    .data               gim_minipc_ctrl.o
    0x2000025c   COMPRESSED   0x00000034   Data   RW         9809    .data               gim_remote_ctrl.o
    0x20000290   COMPRESSED   0x00000008   Data   RW         9935    .data               gim_shoot_ctrl.o
    0x20000298   COMPRESSED   0x00000010   Data   RW        10103    .data               gim_client_ctrl.o
    0x200002a8   COMPRESSED   0x00000048   Data   RW        10229    .data               gim_login_ctrl.o
    0x200002f0   COMPRESSED   0x00000008   Data   RW        10298    .data               gim_ins_ctrl.o
    0x200002f8   COMPRESSED   0x00000040   Data   RW        10439    .data               buscomm_cmd.o
    0x20000338   COMPRESSED   0x00000020   Data   RW        10440    .data               buscomm_cmd.o
    0x20000358   COMPRESSED   0x00000070   Data   RW        10443    .data               buscomm_cmd.o
    0x200003c8   COMPRESSED   0x00000010   Data   RW        10564    .data               buscomm_ctrl.o
    0x200003d8   COMPRESSED   0x00000004   Data   RW        10691    .data               init_ctrl.o
    0x200003dc   COMPRESSED   0x00000004   Data   RW        10830    .data               kalman_alg.o
    0x200003e0   COMPRESSED   0x00000004   Data   RW        11072    .data               crc_alg.o
    0x200003e4   COMPRESSED   0x00000080   Data   RW        11587    .data               const.o
    0x20000464   COMPRESSED   0x00000004   Data   RW        11782    .data               mc_w.l(rand.o)
    0x20000468   COMPRESSED   0x00000004   Data   RW        11919    .data               mc_w.l(mvars.o)
    0x2000046c   COMPRESSED   0x00000004   Data   RW        11920    .data               mc_w.l(mvars.o)
    0x20000470        -       0x00000254   Zero   RW          297    .bss                freertos.o
    0x200006c4        -       0x000000a8   Zero   RW          537    .bss                adc.o
    0x2000076c        -       0x00000050   Zero   RW          580    .bss                can.o
    0x200007bc        -       0x00000014   Zero   RW          628    .bss                dac.o
    0x200007d0        -       0x000000a8   Zero   RW          695    .bss                i2c.o
    0x20000878        -       0x00000118   Zero   RW          742    .bss                spi.o
    0x20000990        -       0x00000318   Zero   RW          797    .bss                tim.o
    0x20000ca8        -       0x00000334   Zero   RW          908    .bss                usart.o
    0x20000fdc        -       0x00000048   Zero   RW         1180    .bss                stm32f4xx_hal_timebase_tim.o
    0x20001024        -       0x00000020   Zero   RW         1667    .bss                stm32f4xx_hal_flash.o
    0x20001044        -       0x000000f0   Zero   RW         5769    .bss                tasks.o
    0x20001134        -       0x00003c00   Zero   RW         6463    .bss                heap_4.o
    0x20004d34        -       0x000000e4   Zero   RW         6621    .bss                can_util.o
    0x20004e18        -       0x000001ac   Zero   RW         7161    .bss                minipc_periph.o
    0x20004fc4        -       0x00000e84   Zero   RW         7288    .bss                motor_periph.o
    0x20005e48        -       0x00000064   Zero   RW         7462    .bss                remote_periph.o
    0x20005eac        -       0x00000040   Zero   RW         7562    .bss                servo_periph.o
    0x20005eec        -       0x00000480   Zero   RW         7638    .bss                oled_periph.o
    0x2000636c        -       0x00000018   Zero   RW         7798    .bss                magnetic_periph.o
    0x20006384        -       0x00000080   Zero   RW         9520    .bss                hi22x_periph.o
    0x20006404        -       0x000005b8   Zero   RW         9599    .bss                gim_gimbal_ctrl.o
    0x200069bc        -       0x00000288   Zero   RW         9702    .bss                gim_minipc_ctrl.o
    0x20006c44   COMPRESSED   0x00000004   PAD
    0x20006c48        -       0x000000d8   Zero   RW         9806    .bss                gim_remote_ctrl.o
    0x20006d20        -       0x000003ac   Zero   RW         9934    .bss                gim_shoot_ctrl.o
    0x200070cc        -       0x00000118   Zero   RW        10102    .bss                gim_client_ctrl.o
    0x200071e4        -       0x0000015c   Zero   RW        10296    .bss                gim_ins_ctrl.o
    0x20007340        -       0x00000114   Zero   RW        10538    .bss                buscomm_ctrl.o
    0x20007454        -       0x000010a8   Zero   RW        11380    .bss                infantry3_const.o
    0x200084fc        -       0x000010a8   Zero   RW        11411    .bss                infantry4_const.o
    0x200095a4        -       0x000010a8   Zero   RW        11442    .bss                infantry5_const.o
    0x2000a64c        -       0x000010a8   Zero   RW        11473    .bss                infantry6_const.o
    0x2000b6f4        -       0x000010a8   Zero   RW        11504    .bss                infantry7_const.o
    0x2000c79c        -       0x000010a8   Zero   RW        11535    .bss                infantry8_const.o
    0x2000d844        -       0x00001828   Zero   RW        11571    .bss                const.o
    0x2000f06c   COMPRESSED   0x00000004   PAD
    0x2000f070        -       0x00001000   Zero   RW            2    HEAP                startup_stm32f405xx.o
    0x20010070        -       0x00008000   Zero   RW            1    STACK               startup_stm32f405xx.o


==============================================================================

Image component sizes


      Code (inc. data)   RO Data    RW Data    ZI Data      Debug   Object Name

       304         32          0          0        168       1995   adc.o
        36          0          0          0          0       3341   buff_lib.o
      1008         88         28        208          0      10174   buscomm_cmd.o
       618         94         10         16        276      11825   buscomm_ctrl.o
       392         40          0          4         80       2706   can.o
       166          8          0          0        228       7383   can_util.o
       410         10          0          0          0      32021   cmsis_os.o
       648        102          0        128       6184       9346   const.o
        44          6        768          4          0       1802   crc_alg.o
       156         22          0          0         20       1839   dac.o
       172          4          0          0          0        950   dma.o
         0          0          0          0          0      19948   event_groups.o
       520         68          0          0          0       2778   filter_alg.o
       578         96          0         16          0       4353   flash_util.o
         0          0       4212          0          0        829   font_lib.o
       386         18        490         56        596      44837   freertos.o
         0          0      32768          0          0        682   gif_lib.o
      1110        338          0         16        280      19925   gim_client_ctrl.o
       692        128          0          0       1464      10462   gim_gimbal_ctrl.o
       334         42          0          8        348      13691   gim_ins_ctrl.o
       910         28          0         72          0       6437   gim_login_ctrl.o
       456         42          0        120        648       7652   gim_minipc_ctrl.o
      1730        208          0         52        216      12153   gim_remote_ctrl.o
      1698        288          0          8        940      19112   gim_shoot_ctrl.o
       336         28          0          0          0       1171   gpio.o
       196          4          0        240          0       5156   gpio_util.o
       472         24          0         32      15360       7719   heap_4.o
       748         74          0          8        128       7100   hi22x_periph.o
       288         46          0          0        168       2566   i2c.o
        32          0          0          0          0       1825   i2c_util.o
       368         84       1920          0       4264       1787   infantry3_const.o
       368         84       1920          0       4264       1787   infantry4_const.o
       368         84       1920          0       4264       1787   infantry5_const.o
       368         84       1920          0       4264       1787   infantry6_const.o
       368         84       1920          0       4264       1787   infantry7_const.o
       368         84       1920          0       4264       1787   infantry8_const.o
       112         12          0          4          0        959   init_ctrl.o
      1000          6          0          4          0       3549   kalman_alg.o
       124         18          0          0          0       2569   key_periph.o
         2          0          0          0          0        522   led_periph.o
       138          0          0          0          0      12834   list.o
       194          0          0          0          0       4508   list_lib.o
       112         16          0          4         24       2129   magnetic_periph.o
       290         14          0          0          0     726732   main.o
       140          0          0          0          0       2614   math_alg.o
       688         72          0         12        428      14605   minipc_periph.o
      2254        120          0          4       3716      17624   motor_periph.o
       878         44          0         16       1152      10728   oled_periph.o
       882          6          0          0          0       6251   pid_alg.o
       786         82          0         12          0      12353   port.o
       292         22          0          0          0       3727   pwm_util.o
      1614         14          0          0          0      18617   queue.o
       530         22          0          4        100       8414   remote_periph.o
       132         32          0          0         64       4289   servo_periph.o
       288         28          0          0        280       2043   spi.o
        36          8        392          0      36864        876   startup_stm32f405xx.o
       116         18          0         12          0       9010   stm32f4xx_hal.o
       712         28          0          0          0       3047   stm32f4xx_hal_adc.o
      1702          6          0          0          0      15893   stm32f4xx_hal_can.o
       158         14          0          0          0      33382   stm32f4xx_hal_cortex.o
       110          0          0          0          0       2031   stm32f4xx_hal_dac.o
      1040         16          8          0          0       7563   stm32f4xx_hal_dma.o
       520         66          0          0         32       7050   stm32f4xx_hal_flash.o
       356         24          0          0          0       4210   stm32f4xx_hal_flash_ex.o
       536         50          0          0          0       3686   stm32f4xx_hal_gpio.o
      2158         52          0          0          0      13160   stm32f4xx_hal_i2c.o
        56          4          0          0          0        950   stm32f4xx_hal_msp.o
      1412         86          0          0          0       6193   stm32f4xx_hal_rcc.o
       188          0          0          0          0       1279   stm32f4xx_hal_spi.o
      2438        146          0          0          0      20628   stm32f4xx_hal_tim.o
       232         28          0          0          0       3489   stm32f4xx_hal_tim_ex.o
       116         16          0          0         72       1547   stm32f4xx_hal_timebase_tim.o
      1212         16          0          0          0       9911   stm32f4xx_hal_uart.o
       318         94          0          0          0      13712   stm32f4xx_it.o
         0          0          0          0          0        416   stream_buffer.o
        16          4         24          4          0       1255   system_stm32f4xx.o
      2772        192          0         60        240      32373   tasks.o
      1736        182          0          0        792      10722   tim.o
       182         12          0          0          0       4588   uart_util.o
      1068         98          0          0        820       5350   usart.o
         8          0          0          0          0        564   watchdog_ctrl.o

    ----------------------------------------------------------------------
     46388       4010      50256       1124      97280    1350452   Object Totals
         0          0         32          0          0          0   (incl. Generated)
        86          0          4          0          8          0   (incl. Padding)

    ----------------------------------------------------------------------

      Code (inc. data)   RO Data    RW Data    ZI Data      Debug   Library Member Name

         8          0          0          0          0        845   arm_mat_init_f32.o
        86          0          0          0          0          0   __dczerorl2.o
         0          0          0          0          0          0   entry.o
         0          0          0          0          0          0   entry10a.o
         0          0          0          0          0          0   entry11a.o
         4          0          0          0          0          0   entry12b.o
         8          4          0          0          0          0   entry2.o
         4          0          0          0          0          0   entry5.o
         0          0          0          0          0          0   entry7b.o
         0          0          0          0          0          0   entry8b.o
         8          4          0          0          0          0   entry9a.o
        30          0          0          0          0          0   handlers.o
        36          8          0          0          0         68   init.o
         0          0          0          0          0          0   iusefp.o
        30          0          0          0          0         68   llshl.o
        36          0          0          0          0         68   llsshr.o
        32          0          0          0          0         68   llushr.o
       108         16          0          0          0         84   malloc.o
        40          0          0          0          0         76   memcpy.o
        36          0          0          0          0        108   memseta.o
         0          0          0          8          0          0   mvars.o
      2232         86          0          0          0        528   printfa.o
        36         10          0          4          0        136   rand.o
        14          0          0          0          0         68   strlen.o
        44          0          0          0          0         80   uidiv.o
        98          0          0          0          0         92   uldiv.o
        48          0          0          0          0         68   cdrcmple.o
        56          0          0          0          0         88   d2f.o
       334          0          0          0          0        148   dadd.o
       222          0          0          0          0        100   ddiv.o
       186          0          0          0          0        176   depilogue.o
        48          0          0          0          0         68   dfixul.o
        34          0          0          0          0         76   dflti.o
       228          0          0          0          0         96   dmul.o
        38          0          0          0          0         68   f2d.o
       110          0          0          0          0        168   fepilogue.o

    ----------------------------------------------------------------------
      4200        128          0         12          0       3345   Library Totals
         6          0          0          0          0          0   (incl. Padding)

    ----------------------------------------------------------------------

      Code (inc. data)   RO Data    RW Data    ZI Data      Debug   Library Name

         8          0          0          0          0        845   arm_cortexM4lf_math.lib
      2882        128          0         12          0       1444   mc_w.l
      1304          0          0          0          0       1056   mf_w.l

    ----------------------------------------------------------------------
      4200        128          0         12          0       3345   Library Totals

    ----------------------------------------------------------------------

==============================================================================


      Code (inc. data)   RO Data    RW Data    ZI Data      Debug   

     50588       4138      50256       1136      97280    1305881   Grand Totals
     50588       4138      50256        240      97280    1305881   ELF Image Totals (compressed)
     50588       4138      50256        240          0          0   ROM Totals

==============================================================================

    Total RO  Size (Code + RO Data)               100844 (  98.48kB)
    Total RW  Size (RW Data + ZI Data)             98416 (  96.11kB)
    Total ROM Size (Code + RO Data + RW Data)     101084 (  98.71kB)

==============================================================================

